Archive member included to satisfy reference by file (symbol)

d:/Program Files/Compiler/arm-gnu-toolchain-13.3.rel1-mingw-w64-i686-arm-none-eabi/bin/../lib/gcc/arm-none-eabi/13.3.1/thumb/v7e-m+fp/hard\libgcc.a(_arm_addsubdf3.o)
                              ./build/Debug/.obj/USER/Src/buzzer.o (__aeabi_i2d)
d:/Program Files/Compiler/arm-gnu-toolchain-13.3.rel1-mingw-w64-i686-arm-none-eabi/bin/../lib/gcc/arm-none-eabi/13.3.1/thumb/v7e-m+fp/hard\libgcc.a(_arm_muldivdf3.o)
                              ./build/Debug/.obj/USER/Src/buzzer.o (__aeabi_ddiv)
d:/Program Files/Compiler/arm-gnu-toolchain-13.3.rel1-mingw-w64-i686-arm-none-eabi/bin/../lib/gcc/arm-none-eabi/13.3.1/thumb/v7e-m+fp/hard\libgcc.a(_arm_fixunsdfsi.o)
                              ./build/Debug/.obj/USER/Src/buzzer.o (__aeabi_d2uiz)
d:/Program Files/Compiler/arm-gnu-toolchain-13.3.rel1-mingw-w64-i686-arm-none-eabi/bin/../lib/gcc/arm-none-eabi/13.3.1/thumb/v7e-m+fp/hard\libgcc.a(_aeabi_uldivmod.o)
                              ./build/Debug/.obj/Drivers/STM32G4xx_HAL_Driver/Src/stm32g4xx_hal_uart.o (__aeabi_uldivmod)
d:/Program Files/Compiler/arm-gnu-toolchain-13.3.rel1-mingw-w64-i686-arm-none-eabi/bin/../lib/gcc/arm-none-eabi/13.3.1/thumb/v7e-m+fp/hard\libgcc.a(_udivmoddi4.o)
                              d:/Program Files/Compiler/arm-gnu-toolchain-13.3.rel1-mingw-w64-i686-arm-none-eabi/bin/../lib/gcc/arm-none-eabi/13.3.1/thumb/v7e-m+fp/hard\libgcc.a(_aeabi_uldivmod.o) (__udivmoddi4)
d:/Program Files/Compiler/arm-gnu-toolchain-13.3.rel1-mingw-w64-i686-arm-none-eabi/bin/../lib/gcc/arm-none-eabi/13.3.1/thumb/v7e-m+fp/hard\libgcc.a(_dvmd_tls.o)
                              d:/Program Files/Compiler/arm-gnu-toolchain-13.3.rel1-mingw-w64-i686-arm-none-eabi/bin/../lib/gcc/arm-none-eabi/13.3.1/thumb/v7e-m+fp/hard\libgcc.a(_aeabi_uldivmod.o) (__aeabi_ldiv0)
d:/Program Files/Compiler/arm-gnu-toolchain-13.3.rel1-mingw-w64-i686-arm-none-eabi/bin/../lib/gcc/arm-none-eabi/13.3.1/thumb/v7e-m+fp/hard\libc.a(libc_a-exit.o)
                              d:/Program Files/Compiler/arm-gnu-toolchain-13.3.rel1-mingw-w64-i686-arm-none-eabi/bin/../lib/gcc/arm-none-eabi/13.3.1/thumb/v7e-m+fp/hard/crt0.o (exit)
d:/Program Files/Compiler/arm-gnu-toolchain-13.3.rel1-mingw-w64-i686-arm-none-eabi/bin/../lib/gcc/arm-none-eabi/13.3.1/thumb/v7e-m+fp/hard\libc.a(libc_a-findfp.o)
                              d:/Program Files/Compiler/arm-gnu-toolchain-13.3.rel1-mingw-w64-i686-arm-none-eabi/bin/../lib/gcc/arm-none-eabi/13.3.1/thumb/v7e-m+fp/hard\libc.a(libc_a-exit.o) (__stdio_exit_handler)
d:/Program Files/Compiler/arm-gnu-toolchain-13.3.rel1-mingw-w64-i686-arm-none-eabi/bin/../lib/gcc/arm-none-eabi/13.3.1/thumb/v7e-m+fp/hard\libc.a(libc_a-fwalk.o)
                              d:/Program Files/Compiler/arm-gnu-toolchain-13.3.rel1-mingw-w64-i686-arm-none-eabi/bin/../lib/gcc/arm-none-eabi/13.3.1/thumb/v7e-m+fp/hard\libc.a(libc_a-findfp.o) (_fwalk_sglue)
d:/Program Files/Compiler/arm-gnu-toolchain-13.3.rel1-mingw-w64-i686-arm-none-eabi/bin/../lib/gcc/arm-none-eabi/13.3.1/thumb/v7e-m+fp/hard\libc.a(libc_a-stdio.o)
                              d:/Program Files/Compiler/arm-gnu-toolchain-13.3.rel1-mingw-w64-i686-arm-none-eabi/bin/../lib/gcc/arm-none-eabi/13.3.1/thumb/v7e-m+fp/hard\libc.a(libc_a-findfp.o) (__sread)
d:/Program Files/Compiler/arm-gnu-toolchain-13.3.rel1-mingw-w64-i686-arm-none-eabi/bin/../lib/gcc/arm-none-eabi/13.3.1/thumb/v7e-m+fp/hard\libc.a(libc_a-vsprintf.o)
                              ./build/Debug/.obj/USER/Src/OLED.o (vsprintf)
d:/Program Files/Compiler/arm-gnu-toolchain-13.3.rel1-mingw-w64-i686-arm-none-eabi/bin/../lib/gcc/arm-none-eabi/13.3.1/thumb/v7e-m+fp/hard\libc.a(libc_a-memset.o)
                              d:/Program Files/Compiler/arm-gnu-toolchain-13.3.rel1-mingw-w64-i686-arm-none-eabi/bin/../lib/gcc/arm-none-eabi/13.3.1/thumb/v7e-m+fp/hard/crt0.o (memset)
d:/Program Files/Compiler/arm-gnu-toolchain-13.3.rel1-mingw-w64-i686-arm-none-eabi/bin/../lib/gcc/arm-none-eabi/13.3.1/thumb/v7e-m+fp/hard\libc.a(libc_a-closer.o)
                              d:/Program Files/Compiler/arm-gnu-toolchain-13.3.rel1-mingw-w64-i686-arm-none-eabi/bin/../lib/gcc/arm-none-eabi/13.3.1/thumb/v7e-m+fp/hard\libc.a(libc_a-stdio.o) (_close_r)
d:/Program Files/Compiler/arm-gnu-toolchain-13.3.rel1-mingw-w64-i686-arm-none-eabi/bin/../lib/gcc/arm-none-eabi/13.3.1/thumb/v7e-m+fp/hard\libc.a(libc_a-reent.o)
                              d:/Program Files/Compiler/arm-gnu-toolchain-13.3.rel1-mingw-w64-i686-arm-none-eabi/bin/../lib/gcc/arm-none-eabi/13.3.1/thumb/v7e-m+fp/hard\libc.a(libc_a-closer.o) (errno)
d:/Program Files/Compiler/arm-gnu-toolchain-13.3.rel1-mingw-w64-i686-arm-none-eabi/bin/../lib/gcc/arm-none-eabi/13.3.1/thumb/v7e-m+fp/hard\libc.a(libc_a-impure.o)
                              d:/Program Files/Compiler/arm-gnu-toolchain-13.3.rel1-mingw-w64-i686-arm-none-eabi/bin/../lib/gcc/arm-none-eabi/13.3.1/thumb/v7e-m+fp/hard\libc.a(libc_a-vsprintf.o) (_impure_ptr)
[...]
Memory Configuration

Name             Origin             Length             Attributes
RAM              0x20000000         0x00020000         xrw
FLASH            0x08000000         0x00020000         xr
*default*        0x00000000         0xffffffff

Linker script and memory map

LOAD d:/Program Files/Compiler/arm-gnu-toolchain-13.3.rel1-mingw-w64-i686-arm-none-eabi/bin/../lib/gcc/arm-none-eabi/13.3.1/thumb/v7e-m+fp/hard/crti.o
LOAD d:/Program Files/Compiler/arm-gnu-toolchain-13.3.rel1-mingw-w64-i686-arm-none-eabi/bin/../lib/gcc/arm-none-eabi/13.3.1/thumb/v7e-m+fp/hard/crtbegin.o
LOAD d:/Program Files/Compiler/arm-gnu-toolchain-13.3.rel1-mingw-w64-i686-arm-none-eabi/bin/../lib/gcc/arm-none-eabi/13.3.1/thumb/v7e-m+fp/hard/crt0.o
LOAD ./build/Debug/.obj/Core/Src/adc.o
LOAD ./build/Debug/.obj/Core/Src/dma.o
LOAD ./build/Debug/.obj/Core/Src/fdcan.o
LOAD ./build/Debug/.obj/Core/Src/fmac.o
LOAD ./build/Debug/.obj/Core/Src/gpio.o
LOAD ./build/Debug/.obj/Core/Src/hrtim.o
LOAD ./build/Debug/.obj/Core/Src/i2c.o
LOAD ./build/Debug/.obj/Core/Src/main.o
LOAD ./build/Debug/.obj/Core/Src/stm32g4xx_hal_msp.o
LOAD ./build/Debug/.obj/Core/Src/stm32g4xx_it.o
LOAD ./build/Debug/.obj/Core/Src/syscalls.o
LOAD ./build/Debug/.obj/Core/Src/sysmem.o
LOAD ./build/Debug/.obj/Core/Src/system_stm32g4xx.o
LOAD ./build/Debug/.obj/Core/Src/tim.o
LOAD ./build/Debug/.obj/Core/Src/usart.o
LOAD ./build/Debug/.obj/Core/Startup/startup_stm32g474rbtx.o
LOAD ./build/Debug/.obj/Drivers/STM32G4xx_HAL_Driver/Src/stm32g4xx_hal.o
LOAD ./build/Debug/.obj/Drivers/STM32G4xx_HAL_Driver/Src/stm32g4xx_hal_adc.o
LOAD ./build/Debug/.obj/Drivers/STM32G4xx_HAL_Driver/Src/stm32g4xx_hal_adc_ex.o
LOAD ./build/Debug/.obj/Drivers/STM32G4xx_HAL_Driver/Src/stm32g4xx_hal_cortex.o
LOAD ./build/Debug/.obj/Drivers/STM32G4xx_HAL_Driver/Src/stm32g4xx_hal_dma.o
LOAD ./build/Debug/.obj/Drivers/STM32G4xx_HAL_Driver/Src/stm32g4xx_hal_dma_ex.o
LOAD ./build/Debug/.obj/Drivers/STM32G4xx_HAL_Driver/Src/stm32g4xx_hal_exti.o
LOAD ./build/Debug/.obj/Drivers/STM32G4xx_HAL_Driver/Src/stm32g4xx_hal_fdcan.o
LOAD ./build/Debug/.obj/Drivers/STM32G4xx_HAL_Driver/Src/stm32g4xx_hal_flash.o
LOAD ./build/Debug/.obj/Drivers/STM32G4xx_HAL_Driver/Src/stm32g4xx_hal_flash_ex.o
LOAD ./build/Debug/.obj/Drivers/STM32G4xx_HAL_Driver/Src/stm32g4xx_hal_flash_ramfunc.o
LOAD ./build/Debug/.obj/Drivers/STM32G4xx_HAL_Driver/Src/stm32g4xx_hal_fmac.o
LOAD ./build/Debug/.obj/Drivers/STM32G4xx_HAL_Driver/Src/stm32g4xx_hal_gpio.o
LOAD ./build/Debug/.obj/Drivers/STM32G4xx_HAL_Driver/Src/stm32g4xx_hal_hrtim.o
LOAD ./build/Debug/.obj/Drivers/STM32G4xx_HAL_Driver/Src/stm32g4xx_hal_i2c.o
LOAD ./build/Debug/.obj/Drivers/STM32G4xx_HAL_Driver/Src/stm32g4xx_hal_i2c_ex.o
LOAD ./build/Debug/.obj/Drivers/STM32G4xx_HAL_Driver/Src/stm32g4xx_hal_pwr.o
LOAD ./build/Debug/.obj/Drivers/STM32G4xx_HAL_Driver/Src/stm32g4xx_hal_pwr_ex.o
LOAD ./build/Debug/.obj/Drivers/STM32G4xx_HAL_Driver/Src/stm32g4xx_hal_rcc.o
LOAD ./build/Debug/.obj/Drivers/STM32G4xx_HAL_Driver/Src/stm32g4xx_hal_rcc_ex.o
LOAD ./build/Debug/.obj/Drivers/STM32G4xx_HAL_Driver/Src/stm32g4xx_hal_tim.o
LOAD ./build/Debug/.obj/Drivers/STM32G4xx_HAL_Driver/Src/stm32g4xx_hal_tim_ex.o
LOAD ./build/Debug/.obj/Drivers/STM32G4xx_HAL_Driver/Src/stm32g4xx_hal_uart.o
LOAD ./build/Debug/.obj/Drivers/STM32G4xx_HAL_Driver/Src/stm32g4xx_hal_uart_ex.o
LOAD ./build/Debug/.obj/Drivers/STM32G4xx_HAL_Driver/Src/stm32g4xx_ll_adc.o
LOAD ./build/Debug/.obj/USER/Src/OLED.o
LOAD ./build/Debug/.obj/USER/Src/analog_signal.o
LOAD ./build/Debug/.obj/USER/Src/bsp_can.o
LOAD ./build/Debug/.obj/USER/Src/bsp_hrtim.o
LOAD ./build/Debug/.obj/USER/Src/bsp_rfid.o
LOAD ./build/Debug/.obj/USER/Src/bsp_rs485.o
LOAD ./build/Debug/.obj/USER/Src/buzzer.o
LOAD ./build/Debug/.obj/USER/Src/incremental_pid.o
LOAD ./build/Debug/.obj/USER/Src/mean_filter.o
LOAD ./build/Debug/.obj/USER/Src/wlc_ctrl.o
START GROUP
LOAD d:/Program Files/Compiler/arm-gnu-toolchain-13.3.rel1-mingw-w64-i686-arm-none-eabi/bin/../lib/gcc/arm-none-eabi/13.3.1/thumb/v7e-m+fp/hard\libgcc.a
LOAD d:/Program Files/Compiler/arm-gnu-toolchain-13.3.rel1-mingw-w64-i686-arm-none-eabi/bin/../lib/gcc/arm-none-eabi/13.3.1/thumb/v7e-m+fp/hard\libc.a
END GROUP
LOAD d:/Program Files/Compiler/arm-gnu-toolchain-13.3.rel1-mingw-w64-i686-arm-none-eabi/bin/../lib/gcc/arm-none-eabi/13.3.1/thumb/v7e-m+fp/hard/crtend.o
LOAD d:/Program Files/Compiler/arm-gnu-toolchain-13.3.rel1-mingw-w64-i686-arm-none-eabi/bin/../lib/gcc/arm-none-eabi/13.3.1/thumb/v7e-m+fp/hard/crtn.o
                0x20020000                        _estack = (ORIGIN (RAM) + LENGTH (RAM))
                0x00002000                        _Min_Heap_Size = 0x2000
                0x00006000                        _Min_Stack_Size = 0x6000

.isr_vector     0x08000000      0x1d8
                0x08000000                        . = ALIGN (0x4)
 *(.isr_vector)
 .isr_vector    0x08000000      0x1d8 ./build/Debug/.obj/Core/Startup/startup_stm32g474rbtx.o
                0x08000000                g_pfnVectors
                0x080001d8                        . = ALIGN (0x4)

.text           0x080001d8     0x8254
                0x080001d8                        . = ALIGN (0x4)
 *(.text)
 .text          0x080001d8      0x378 d:/Program Files/Compiler/arm-gnu-toolchain-13.3.rel1-mingw-w64-i686-arm-none-eabi/bin/../lib/gcc/arm-none-eabi/13.3.1/thumb/v7e-m+fp/hard\libgcc.a(_arm_addsubdf3.o)
                0x080001d8                __aeabi_drsub
                0x080001e0                __aeabi_dsub
                0x080001e0                __subdf3
                0x080001e4                __aeabi_dadd
                0x080001e4                __adddf3
                0x0800045c                __floatunsidf
                0x0800045c                __aeabi_ui2d
                0x0800047c                __floatsidf
                0x0800047c                __aeabi_i2d
                0x080004a0                __aeabi_f2d
                0x080004a0                __extendsfdf2
                0x080004e4                __floatundidf
                0x080004e4                __aeabi_ul2d
                0x080004f4                __floatdidf
                0x080004f4                __aeabi_l2d
 .text          0x08000550      0x424 d:/Program Files/Compiler/arm-gnu-toolchain-13.3.rel1-mingw-w64-i686-arm-none-eabi/bin/../lib/gcc/arm-none-eabi/13.3.1/thumb/v7e-m+fp/hard\libgcc.a(_arm_muldivdf3.o)
                0x08000550                __aeabi_dmul
                0x08000550                __muldf3
                0x080007a4                __divdf3
                0x080007a4                __aeabi_ddiv
 .text          0x08000974       0x40 d:/Program Files/Compiler/arm-gnu-toolchain-13.3.rel1-mingw-w64-i686-arm-none-eabi/bin/../lib/gcc/arm-none-eabi/13.3.1/thumb/v7e-m+fp/hard\libgcc.a(_arm_fixunsdfsi.o)
                0x08000974                __aeabi_d2uiz
                0x08000974                __fixunsdfsi
 .text          0x080009b4       0x30 d:/Program Files/Compiler/arm-gnu-toolchain-13.3.rel1-mingw-w64-i686-arm-none-eabi/bin/../lib/gcc/arm-none-eabi/13.3.1/thumb/v7e-m+fp/hard\libgcc.a(_aeabi_uldivmod.o)
                0x080009b4                __aeabi_uldivmod
 .text          0x080009e4        0x4 d:/Program Files/Compiler/arm-gnu-toolchain-13.3.rel1-mingw-w64-i686-arm-none-eabi/bin/../lib/gcc/arm-none-eabi/13.3.1/thumb/v7e-m+fp/hard\libgcc.a(_dvmd_tls.o)
                0x080009e4                __aeabi_idiv0
                0x080009e4                __aeabi_ldiv0
 *(.text*)
 .text.deregister_tm_clones
                0x080009e8       0x1c d:/Program Files/Compiler/arm-gnu-toolchain-13.3.rel1-mingw-w64-i686-arm-none-eabi/bin/../lib/gcc/arm-none-eabi/13.3.1/thumb/v7e-m+fp/hard/crtbegin.o
 .text.register_tm_clones
                0x08000a04       0x24 d:/Program Files/Compiler/arm-gnu-toolchain-13.3.rel1-mingw-w64-i686-arm-none-eabi/bin/../lib/gcc/arm-none-eabi/13.3.1/thumb/v7e-m+fp/hard/crtbegin.o
 .text.__do_global_dtors_aux
                0x08000a28       0x28 d:/Program Files/Compiler/arm-gnu-toolchain-13.3.rel1-mingw-w64-i686-arm-none-eabi/bin/../lib/gcc/arm-none-eabi/13.3.1/thumb/v7e-m+fp/hard/crtbegin.o
 .text.frame_dummy
                0x08000a50       0x24 d:/Program Files/Compiler/arm-gnu-toolchain-13.3.rel1-mingw-w64-i686-arm-none-eabi/bin/../lib/gcc/arm-none-eabi/13.3.1/thumb/v7e-m+fp/hard/crtbegin.o
 .text.MX_ADC1_Init
                0x08000a74      0x180 ./build/Debug/.obj/Core/Src/adc.o
                0x08000a74                MX_ADC1_Init
 .text.MX_ADC2_Init
                0x08000bf4       0xb4 ./build/Debug/.obj/Core/Src/adc.o
                0x08000bf4                MX_ADC2_Init
 .text.MX_ADC3_Init
                0x08000ca8       0xcc ./build/Debug/.obj/Core/Src/adc.o
                0x08000ca8                MX_ADC3_Init
 .text.HAL_ADC_MspInit
                0x08000d74      0x28c ./build/Debug/.obj/Core/Src/adc.o
                0x08000d74                HAL_ADC_MspInit
 .text.MX_DMA_Init
                0x08001000       0x64 ./build/Debug/.obj/Core/Src/dma.o
                0x08001000                MX_DMA_Init
 .text.MX_FDCAN1_Init
                0x08001064       0x48 ./build/Debug/.obj/Core/Src/fdcan.o
                0x08001064                MX_FDCAN1_Init
 .text.MX_FDCAN2_Init
                0x080010ac       0x48 ./build/Debug/.obj/Core/Src/fdcan.o
                0x080010ac                MX_FDCAN2_Init
 .text.HAL_FDCAN_MspInit
                0x080010f4      0x13c ./build/Debug/.obj/Core/Src/fdcan.o
                0x080010f4                HAL_FDCAN_MspInit
 .text.MX_FMAC_Init
                0x08001230       0x20 ./build/Debug/.obj/Core/Src/fmac.o
                0x08001230                MX_FMAC_Init
 .text.HAL_FMAC_MspInit
                0x08001250       0x2c ./build/Debug/.obj/Core/Src/fmac.o
                0x08001250                HAL_FMAC_MspInit
 .text.MX_GPIO_Init
                0x0800127c      0x120 ./build/Debug/.obj/Core/Src/gpio.o
                0x0800127c                MX_GPIO_Init
 .text.HAL_HRTIM_MspInit
                0x0800139c       0x40 ./build/Debug/.obj/Core/Src/hrtim.o
                0x0800139c                HAL_HRTIM_MspInit
 .text.HAL_HRTIM_MspPostInit
                0x080013dc       0x84 ./build/Debug/.obj/Core/Src/hrtim.o
                0x080013dc                HAL_HRTIM_MspPostInit
 .text.MX_HRTIM1_Init
                0x08001460      0x578 ./build/Debug/.obj/Core/Src/hrtim.o
                0x08001460                MX_HRTIM1_Init
 .text.MX_I2C4_Init
                0x080019d8       0x64 ./build/Debug/.obj/Core/Src/i2c.o
                0x080019d8                MX_I2C4_Init
 .text.HAL_I2C_MspInit
                0x08001a3c       0x88 ./build/Debug/.obj/Core/Src/i2c.o
                0x08001a3c                HAL_I2C_MspInit
 .text.Error_Handler
                0x08001ac4        0x4 ./build/Debug/.obj/Core/Src/main.o
                0x08001ac4                Error_Handler
 .text.SystemClock_Config
                0x08001ac8       0x70 ./build/Debug/.obj/Core/Src/main.o
                0x08001ac8                SystemClock_Config
 .text.main     0x08001b38       0x94 ./build/Debug/.obj/Core/Src/main.o
                0x08001b38                main
 .text.HAL_MspInit
                0x08001bcc       0x38 ./build/Debug/.obj/Core/Src/stm32g4xx_hal_msp.o
                0x08001bcc                HAL_MspInit
 .text.NMI_Handler
                0x08001c04        0x2 ./build/Debug/.obj/Core/Src/stm32g4xx_it.o
                0x08001c04                NMI_Handler
 .text.HardFault_Handler
                0x08001c06        0x2 ./build/Debug/.obj/Core/Src/stm32g4xx_it.o
                0x08001c06                HardFault_Handler
 .text.MemManage_Handler
                0x08001c08        0x2 ./build/Debug/.obj/Core/Src/stm32g4xx_it.o
                0x08001c08                MemManage_Handler
 .text.BusFault_Handler
                0x08001c0a        0x2 ./build/Debug/.obj/Core/Src/stm32g4xx_it.o
                0x08001c0a                BusFault_Handler
 .text.UsageFault_Handler
                0x08001c0c        0x2 ./build/Debug/.obj/Core/Src/stm32g4xx_it.o
                0x08001c0c                UsageFault_Handler
 .text.SVC_Handler
                0x08001c0e        0x2 ./build/Debug/.obj/Core/Src/stm32g4xx_it.o
                0x08001c0e                SVC_Handler
 .text.DebugMon_Handler
                0x08001c10        0x2 ./build/Debug/.obj/Core/Src/stm32g4xx_it.o
                0x08001c10                DebugMon_Handler
 .text.PendSV_Handler
                0x08001c12        0x2 ./build/Debug/.obj/Core/Src/stm32g4xx_it.o
                0x08001c12                PendSV_Handler
 .text.SysTick_Handler
                0x08001c14        0x8 ./build/Debug/.obj/Core/Src/stm32g4xx_it.o
                0x08001c14                SysTick_Handler
 .text.EXTI0_IRQHandler
                0x08001c1c        0xa ./build/Debug/.obj/Core/Src/stm32g4xx_it.o
                0x08001c1c                EXTI0_IRQHandler
 *fill*         0x08001c26        0x2 
 .text.DMA1_Channel1_IRQHandler
                0x08001c28       0x10 ./build/Debug/.obj/Core/Src/stm32g4xx_it.o
                0x08001c28                DMA1_Channel1_IRQHandler
 .text.DMA1_Channel2_IRQHandler
                0x08001c38       0x10 ./build/Debug/.obj/Core/Src/stm32g4xx_it.o
                0x08001c38                DMA1_Channel2_IRQHandler
 .text.DMA1_Channel3_IRQHandler
                0x08001c48       0x10 ./build/Debug/.obj/Core/Src/stm32g4xx_it.o
                0x08001c48                DMA1_Channel3_IRQHandler
 .text.ADC1_2_IRQHandler
                0x08001c58       0x18 ./build/Debug/.obj/Core/Src/stm32g4xx_it.o
                0x08001c58                ADC1_2_IRQHandler
 .text.ADC3_IRQHandler
                0x08001c70       0x10 ./build/Debug/.obj/Core/Src/stm32g4xx_it.o
                0x08001c70                ADC3_IRQHandler
 .text.TIM6_DAC_IRQHandler
                0x08001c80       0x10 ./build/Debug/.obj/Core/Src/stm32g4xx_it.o
                0x08001c80                TIM6_DAC_IRQHandler
 .text.TIM7_DAC_IRQHandler
                0x08001c90       0x10 ./build/Debug/.obj/Core/Src/stm32g4xx_it.o
                0x08001c90                TIM7_DAC_IRQHandler
 .text.HRTIM1_Master_IRQHandler
                0x08001ca0       0x10 ./build/Debug/.obj/Core/Src/stm32g4xx_it.o
                0x08001ca0                HRTIM1_Master_IRQHandler
 .text.FDCAN2_IT0_IRQHandler
                0x08001cb0       0x10 ./build/Debug/.obj/Core/Src/stm32g4xx_it.o
                0x08001cb0                FDCAN2_IT0_IRQHandler
 .text.FDCAN2_IT1_IRQHandler
                0x08001cc0       0x10 ./build/Debug/.obj/Core/Src/stm32g4xx_it.o
                0x08001cc0                FDCAN2_IT1_IRQHandler
 .text.SystemInit
                0x08001cd0       0x14 ./build/Debug/.obj/Core/Src/system_stm32g4xx.o
                0x08001cd0                SystemInit
 .text.MX_TIM6_Init
                0x08001ce4       0x54 ./build/Debug/.obj/Core/Src/tim.o
                0x08001ce4                MX_TIM6_Init
 .text.MX_TIM7_Init
                0x08001d38       0x54 ./build/Debug/.obj/Core/Src/tim.o
                0x08001d38                MX_TIM7_Init
 .text.MX_TIM16_Init
                0x08001d8c       0x30 ./build/Debug/.obj/Core/Src/tim.o
                0x08001d8c                MX_TIM16_Init
 .text.HAL_TIM_Base_MspInit
                0x08001dbc       0xd0 ./build/Debug/.obj/Core/Src/tim.o
                0x08001dbc                HAL_TIM_Base_MspInit
 .text.HAL_TIM_MspPostInit
                0x08001e8c       0x88 ./build/Debug/.obj/Core/Src/tim.o
                0x08001e8c                HAL_TIM_MspPostInit
 .text.MX_TIM3_Init
                0x08001f14       0xb0 ./build/Debug/.obj/Core/Src/tim.o
                0x08001f14                MX_TIM3_Init
 .text.MX_TIM5_Init
                0x08001fc4       0xb0 ./build/Debug/.obj/Core/Src/tim.o
                0x08001fc4                MX_TIM5_Init
 .text.MX_UART4_Init
                0x08002074       0x6c ./build/Debug/.obj/Core/Src/usart.o
                0x08002074                MX_UART4_Init
 .text.MX_USART1_UART_Init
                0x080020e0       0x68 ./build/Debug/.obj/Core/Src/usart.o
                0x080020e0                MX_USART1_UART_Init
 .text.HAL_UART_MspInit
                0x08002148      0x114 ./build/Debug/.obj/Core/Src/usart.o
                0x08002148                HAL_UART_MspInit
 .text.Reset_Handler
                0x0800225c       0x50 ./build/Debug/.obj/Core/Startup/startup_stm32g474rbtx.o
                0x0800225c                Reset_Handler
 .text.Default_Handler
                0x080022ac        0x2 ./build/Debug/.obj/Core/Startup/startup_stm32g474rbtx.o
                0x080022ac                RTC_Alarm_IRQHandler
                0x080022ac                EXTI2_IRQHandler
                0x080022ac                TIM8_TRG_COM_IRQHandler
                0x080022ac                TIM8_CC_IRQHandler
                0x080022ac                SPI4_IRQHandler
                0x080022ac                FDCAN3_IT0_IRQHandler
                0x080022ac                TIM1_CC_IRQHandler
                0x080022ac                HRTIM1_FLT_IRQHandler
                0x080022ac                HRTIM1_TIMF_IRQHandler
                0x080022ac                USB_HP_IRQHandler
                0x080022ac                CORDIC_IRQHandler
                0x080022ac                HRTIM1_TIMD_IRQHandler
                0x080022ac                DMA2_Channel8_IRQHandler
                0x080022ac                EXTI3_IRQHandler
                0x080022ac                I2C3_ER_IRQHandler
                0x080022ac                I2C2_EV_IRQHandler
                0x080022ac                FPU_IRQHandler
                0x080022ac                FDCAN1_IT1_IRQHandler
                0x080022ac                TIM1_UP_TIM16_IRQHandler
                0x080022ac                HRTIM1_TIME_IRQHandler
                0x080022ac                SPI1_IRQHandler
                0x080022ac                HRTIM1_TIMC_IRQHandler
                0x080022ac                TIM8_UP_IRQHandler
                0x080022ac                DMA2_Channel2_IRQHandler
                0x080022ac                DMA1_Channel4_IRQHandler
                0x080022ac                TIM20_TRG_COM_IRQHandler
                0x080022ac                USART3_IRQHandler
                0x080022ac                DMA1_Channel7_IRQHandler
                0x080022ac                UART5_IRQHandler
                0x080022ac                TIM4_IRQHandler
                0x080022ac                DMA2_Channel1_IRQHandler
                0x080022ac                QUADSPI_IRQHandler
                0x080022ac                I2C1_EV_IRQHandler
                0x080022ac                DMA1_Channel6_IRQHandler
                0x080022ac                UART4_IRQHandler
                0x080022ac                DMA2_Channel4_IRQHandler
                0x080022ac                TIM3_IRQHandler
                0x080022ac                RCC_IRQHandler
                0x080022ac                TIM20_UP_IRQHandler
                0x080022ac                Default_Handler
                0x080022ac                DMA2_Channel7_IRQHandler
                0x080022ac                RTC_TAMP_LSECSS_IRQHandler
                0x080022ac                FMAC_IRQHandler
                0x080022ac                EXTI15_10_IRQHandler
                0x080022ac                DMA1_Channel8_IRQHandler
                0x080022ac                HRTIM1_TIMA_IRQHandler
                0x080022ac                FDCAN3_IT1_IRQHandler
                0x080022ac                TIM5_IRQHandler
                0x080022ac                UCPD1_IRQHandler
                0x080022ac                I2C3_EV_IRQHandler
                0x080022ac                EXTI9_5_IRQHandler
                0x080022ac                RTC_WKUP_IRQHandler
                0x080022ac                PVD_PVM_IRQHandler
                0x080022ac                SPI2_IRQHandler
                0x080022ac                ADC5_IRQHandler
                0x080022ac                DMA2_Channel5_IRQHandler
                0x080022ac                CRS_IRQHandler
                0x080022ac                DMA1_Channel5_IRQHandler
                0x080022ac                USB_LP_IRQHandler
                0x080022ac                EXTI4_IRQHandler
                0x080022ac                RNG_IRQHandler
                0x080022ac                HRTIM1_TIMB_IRQHandler
                0x080022ac                TIM1_TRG_COM_TIM17_IRQHandler
                0x080022ac                ADC4_IRQHandler
                0x080022ac                WWDG_IRQHandler
                0x080022ac                I2C4_EV_IRQHandler
                0x080022ac                LPUART1_IRQHandler
                0x080022ac                DMA2_Channel6_IRQHandler
                0x080022ac                FDCAN1_IT0_IRQHandler
                0x080022ac                TIM2_IRQHandler
                0x080022ac                COMP7_IRQHandler
                0x080022ac                COMP1_2_3_IRQHandler
                0x080022ac                EXTI1_IRQHandler
                0x080022ac                USART2_IRQHandler
                0x080022ac                COMP4_5_6_IRQHandler
                0x080022ac                TIM20_BRK_IRQHandler
                0x080022ac                I2C2_ER_IRQHandler
                0x080022ac                TIM8_BRK_IRQHandler
                0x080022ac                FLASH_IRQHandler
                0x080022ac                TIM20_CC_IRQHandler
                0x080022ac                USART1_IRQHandler
                0x080022ac                SPI3_IRQHandler
                0x080022ac                I2C1_ER_IRQHandler
                0x080022ac                FMC_IRQHandler
                0x080022ac                LPTIM1_IRQHandler
                0x080022ac                DMAMUX_OVR_IRQHandler
                0x080022ac                I2C4_ER_IRQHandler
                0x080022ac                USBWakeUp_IRQHandler
                0x080022ac                SAI1_IRQHandler
                0x080022ac                DMA2_Channel3_IRQHandler
                0x080022ac                TIM1_BRK_TIM15_IRQHandler
 *fill*         0x080022ae        0x2 
 .text.HAL_InitTick
                0x080022b0       0x50 ./build/Debug/.obj/Drivers/STM32G4xx_HAL_Driver/Src/stm32g4xx_hal.o
                0x080022b0                HAL_InitTick
 .text.HAL_Init
                0x08002300       0x1e ./build/Debug/.obj/Drivers/STM32G4xx_HAL_Driver/Src/stm32g4xx_hal.o
                0x08002300                HAL_Init
 *fill*         0x0800231e        0x2 
 .text.HAL_IncTick
                0x08002320       0x18 ./build/Debug/.obj/Drivers/STM32G4xx_HAL_Driver/Src/stm32g4xx_hal.o
                0x08002320                HAL_IncTick
 .text.HAL_GetTick
                0x08002338        0xc ./build/Debug/.obj/Drivers/STM32G4xx_HAL_Driver/Src/stm32g4xx_hal.o
                0x08002338                HAL_GetTick
 .text.HAL_Delay
                0x08002344       0x28 ./build/Debug/.obj/Drivers/STM32G4xx_HAL_Driver/Src/stm32g4xx_hal.o
                0x08002344                HAL_Delay
 .text.LL_ADC_REG_SetSequencerRanks
                0x0800236c       0x30 ./build/Debug/.obj/Drivers/STM32G4xx_HAL_Driver/Src/stm32g4xx_hal_adc.o
 .text.LL_ADC_SetChannelSamplingTime
                0x0800239c       0x2c ./build/Debug/.obj/Drivers/STM32G4xx_HAL_Driver/Src/stm32g4xx_hal_adc.o
 .text.HAL_ADC_Init
                0x080023c8      0x28c ./build/Debug/.obj/Drivers/STM32G4xx_HAL_Driver/Src/stm32g4xx_hal_adc.o
                0x080023c8                HAL_ADC_Init
 .text.ADC_DMAHalfConvCplt
                0x08002654        0xa ./build/Debug/.obj/Drivers/STM32G4xx_HAL_Driver/Src/stm32g4xx_hal_adc.o
                0x08002654                ADC_DMAHalfConvCplt
 .text.HAL_ADC_LevelOutOfWindowCallback
                0x0800265e        0x2 ./build/Debug/.obj/Drivers/STM32G4xx_HAL_Driver/Src/stm32g4xx_hal_adc.o
                0x0800265e                HAL_ADC_LevelOutOfWindowCallback
 .text.HAL_ADC_ErrorCallback
                0x08002660        0x2 ./build/Debug/.obj/Drivers/STM32G4xx_HAL_Driver/Src/stm32g4xx_hal_adc.o
                0x08002660                HAL_ADC_ErrorCallback
 *fill*         0x08002662        0x2 
 .text.HAL_ADC_IRQHandler
                0x08002664      0x2e8 ./build/Debug/.obj/Drivers/STM32G4xx_HAL_Driver/Src/stm32g4xx_hal_adc.o
                0x08002664                HAL_ADC_IRQHandler
 .text.ADC_DMAConvCplt
                0x0800294c       0x88 ./build/Debug/.obj/Drivers/STM32G4xx_HAL_Driver/Src/stm32g4xx_hal_adc.o
                0x0800294c                ADC_DMAConvCplt
 .text.ADC_DMAError
                0x080029d4       0x1a ./build/Debug/.obj/Drivers/STM32G4xx_HAL_Driver/Src/stm32g4xx_hal_adc.o
                0x080029d4                ADC_DMAError
 *fill*         0x080029ee        0x2 
 .text.HAL_ADC_ConfigChannel
                0x080029f0      0x4b4 ./build/Debug/.obj/Drivers/STM32G4xx_HAL_Driver/Src/stm32g4xx_hal_adc.o
                0x080029f0                HAL_ADC_ConfigChannel
 .text.ADC_Enable
                0x08002ea4       0xf8 ./build/Debug/.obj/Drivers/STM32G4xx_HAL_Driver/Src/stm32g4xx_hal_adc.o
                0x08002ea4                ADC_Enable
 .text.HAL_ADC_Start_DMA
                0x08002f9c      0x140 ./build/Debug/.obj/Drivers/STM32G4xx_HAL_Driver/Src/stm32g4xx_hal_adc.o
                0x08002f9c                HAL_ADC_Start_DMA
 .text.ADC_Disable
                0x080030dc       0x94 ./build/Debug/.obj/Drivers/STM32G4xx_HAL_Driver/Src/stm32g4xx_hal_adc.o
                0x080030dc                ADC_Disable
 .text.HAL_ADCEx_Calibration_Start
                0x08003170       0x9c ./build/Debug/.obj/Drivers/STM32G4xx_HAL_Driver/Src/stm32g4xx_hal_adc_ex.o
                0x08003170                HAL_ADCEx_Calibration_Start
 .text.HAL_ADCEx_InjectedConvCpltCallback
                0x0800320c        0x2 ./build/Debug/.obj/Drivers/STM32G4xx_HAL_Driver/Src/stm32g4xx_hal_adc_ex.o
                0x0800320c                HAL_ADCEx_InjectedConvCpltCallback
 .text.HAL_ADCEx_InjectedQueueOverflowCallback
                0x0800320e        0x2 ./build/Debug/.obj/Drivers/STM32G4xx_HAL_Driver/Src/stm32g4xx_hal_adc_ex.o
                0x0800320e                HAL_ADCEx_InjectedQueueOverflowCallback
 .text.HAL_ADCEx_LevelOutOfWindow2Callback
                0x08003210        0x2 ./build/Debug/.obj/Drivers/STM32G4xx_HAL_Driver/Src/stm32g4xx_hal_adc_ex.o
                0x08003210                HAL_ADCEx_LevelOutOfWindow2Callback
 .text.HAL_ADCEx_LevelOutOfWindow3Callback
                0x08003212        0x2 ./build/Debug/.obj/Drivers/STM32G4xx_HAL_Driver/Src/stm32g4xx_hal_adc_ex.o
                0x08003212                HAL_ADCEx_LevelOutOfWindow3Callback
 .text.HAL_ADCEx_EndOfSamplingCallback
                0x08003214        0x2 ./build/Debug/.obj/Drivers/STM32G4xx_HAL_Driver/Src/stm32g4xx_hal_adc_ex.o
                0x08003214                HAL_ADCEx_EndOfSamplingCallback
 *fill*         0x08003216        0x2 
 .text.HAL_ADCEx_MultiModeConfigChannel
                0x08003218      0x1d4 ./build/Debug/.obj/Drivers/STM32G4xx_HAL_Driver/Src/stm32g4xx_hal_adc_ex.o
                0x08003218                HAL_ADCEx_MultiModeConfigChannel
 .text.__NVIC_EnableIRQ
                0x080033ec       0x1c ./build/Debug/.obj/Drivers/STM32G4xx_HAL_Driver/Src/stm32g4xx_hal_cortex.o
 .text.__NVIC_SetPriority
                0x08003408       0x28 ./build/Debug/.obj/Drivers/STM32G4xx_HAL_Driver/Src/stm32g4xx_hal_cortex.o
 .text.NVIC_EncodePriority
                0x08003430       0x3e ./build/Debug/.obj/Drivers/STM32G4xx_HAL_Driver/Src/stm32g4xx_hal_cortex.o
 *fill*         0x0800346e        0x2 
 .text.HAL_NVIC_SetPriorityGrouping
                0x08003470       0x24 ./build/Debug/.obj/Drivers/STM32G4xx_HAL_Driver/Src/stm32g4xx_hal_cortex.o
                0x08003470                HAL_NVIC_SetPriorityGrouping
 .text.HAL_NVIC_SetPriority
                0x08003494       0x20 ./build/Debug/.obj/Drivers/STM32G4xx_HAL_Driver/Src/stm32g4xx_hal_cortex.o
                0x08003494                HAL_NVIC_SetPriority
 .text.HAL_NVIC_EnableIRQ
                0x080034b4        0x8 ./build/Debug/.obj/Drivers/STM32G4xx_HAL_Driver/Src/stm32g4xx_hal_cortex.o
                0x080034b4                HAL_NVIC_EnableIRQ
 .text.HAL_SYSTICK_Config
                0x080034bc       0x28 ./build/Debug/.obj/Drivers/STM32G4xx_HAL_Driver/Src/stm32g4xx_hal_cortex.o
                0x080034bc                HAL_SYSTICK_Config
 .text.DMA_SetConfig
                0x080034e4       0x42 ./build/Debug/.obj/Drivers/STM32G4xx_HAL_Driver/Src/stm32g4xx_hal_dma.o
 *fill*         0x08003526        0x2 
 .text.DMA_CalcDMAMUXChannelBaseAndMask
                0x08003528       0x48 ./build/Debug/.obj/Drivers/STM32G4xx_HAL_Driver/Src/stm32g4xx_hal_dma.o
 .text.DMA_CalcDMAMUXRequestGenBaseAndMask
                0x08003570       0x28 ./build/Debug/.obj/Drivers/STM32G4xx_HAL_Driver/Src/stm32g4xx_hal_dma.o
 .text.HAL_DMA_Init
                0x08003598       0xd4 ./build/Debug/.obj/Drivers/STM32G4xx_HAL_Driver/Src/stm32g4xx_hal_dma.o
                0x08003598                HAL_DMA_Init
 .text.HAL_DMA_Start_IT
                0x0800366c       0x94 ./build/Debug/.obj/Drivers/STM32G4xx_HAL_Driver/Src/stm32g4xx_hal_dma.o
                0x0800366c                HAL_DMA_Start_IT
 .text.HAL_DMA_IRQHandler
                0x08003700       0xc4 ./build/Debug/.obj/Drivers/STM32G4xx_HAL_Driver/Src/stm32g4xx_hal_dma.o
                0x08003700                HAL_DMA_IRQHandler
 .text.FDCAN_CalcultateRamBlockAddresses
                0x080037c4       0x8c ./build/Debug/.obj/Drivers/STM32G4xx_HAL_Driver/Src/stm32g4xx_hal_fdcan.o
 .text.HAL_FDCAN_Init
                0x08003850      0x1d4 ./build/Debug/.obj/Drivers/STM32G4xx_HAL_Driver/Src/stm32g4xx_hal_fdcan.o
                0x08003850                HAL_FDCAN_Init
 .text.HAL_FDCAN_GetRxMessage
                0x08003a24      0x148 ./build/Debug/.obj/Drivers/STM32G4xx_HAL_Driver/Src/stm32g4xx_hal_fdcan.o
                0x08003a24                HAL_FDCAN_GetRxMessage
 .text.HAL_FDCAN_TxEventFifoCallback
                0x08003b6c        0x2 ./build/Debug/.obj/Drivers/STM32G4xx_HAL_Driver/Src/stm32g4xx_hal_fdcan.o
                0x08003b6c                HAL_FDCAN_TxEventFifoCallback
 .text.HAL_FDCAN_RxFifo1Callback
                0x08003b6e        0x2 ./build/Debug/.obj/Drivers/STM32G4xx_HAL_Driver/Src/stm32g4xx_hal_fdcan.o
                0x08003b6e                HAL_FDCAN_RxFifo1Callback
 .text.HAL_FDCAN_TxFifoEmptyCallback
                0x08003b70        0x2 ./build/Debug/.obj/Drivers/STM32G4xx_HAL_Driver/Src/stm32g4xx_hal_fdcan.o
                0x08003b70                HAL_FDCAN_TxFifoEmptyCallback
 .text.HAL_FDCAN_TxBufferCompleteCallback
                0x08003b72        0x2 ./build/Debug/.obj/Drivers/STM32G4xx_HAL_Driver/Src/stm32g4xx_hal_fdcan.o
                0x08003b72                HAL_FDCAN_TxBufferCompleteCallback
 .text.HAL_FDCAN_TxBufferAbortCallback
                0x08003b74        0x2 ./build/Debug/.obj/Drivers/STM32G4xx_HAL_Driver/Src/stm32g4xx_hal_fdcan.o
                0x08003b74                HAL_FDCAN_TxBufferAbortCallback
 .text.HAL_FDCAN_TimestampWraparoundCallback
                0x08003b76        0x2 ./build/Debug/.obj/Drivers/STM32G4xx_HAL_Driver/Src/stm32g4xx_hal_fdcan.o
                0x08003b76                HAL_FDCAN_TimestampWraparoundCallback
 .text.HAL_FDCAN_TimeoutOccurredCallback
                0x08003b78        0x2 ./build/Debug/.obj/Drivers/STM32G4xx_HAL_Driver/Src/stm32g4xx_hal_fdcan.o
                0x08003b78                HAL_FDCAN_TimeoutOccurredCallback
 .text.HAL_FDCAN_HighPriorityMessageCallback
                0x08003b7a        0x2 ./build/Debug/.obj/Drivers/STM32G4xx_HAL_Driver/Src/stm32g4xx_hal_fdcan.o
                0x08003b7a                HAL_FDCAN_HighPriorityMessageCallback
 .text.HAL_FDCAN_ErrorCallback
                0x08003b7c        0x2 ./build/Debug/.obj/Drivers/STM32G4xx_HAL_Driver/Src/stm32g4xx_hal_fdcan.o
                0x08003b7c                HAL_FDCAN_ErrorCallback
 .text.HAL_FDCAN_ErrorStatusCallback
                0x08003b7e        0x2 ./build/Debug/.obj/Drivers/STM32G4xx_HAL_Driver/Src/stm32g4xx_hal_fdcan.o
                0x08003b7e                HAL_FDCAN_ErrorStatusCallback
 .text.HAL_FDCAN_IRQHandler
                0x08003b80      0x188 ./build/Debug/.obj/Drivers/STM32G4xx_HAL_Driver/Src/stm32g4xx_hal_fdcan.o
                0x08003b80                HAL_FDCAN_IRQHandler
 .text.FMAC_ResetInputStateAndDataPointers
                0x08003d08       0x10 ./build/Debug/.obj/Drivers/STM32G4xx_HAL_Driver/Src/stm32g4xx_hal_fmac.o
 .text.FMAC_ResetOutputStateAndDataPointers
                0x08003d18       0x10 ./build/Debug/.obj/Drivers/STM32G4xx_HAL_Driver/Src/stm32g4xx_hal_fmac.o
 .text.FMAC_ResetDataPointers
                0x08003d28       0x10 ./build/Debug/.obj/Drivers/STM32G4xx_HAL_Driver/Src/stm32g4xx_hal_fmac.o
 .text.FMAC_Reset
                0x08003d38       0x3c ./build/Debug/.obj/Drivers/STM32G4xx_HAL_Driver/Src/stm32g4xx_hal_fmac.o
 .text.HAL_FMAC_Init
                0x08003d74       0x50 ./build/Debug/.obj/Drivers/STM32G4xx_HAL_Driver/Src/stm32g4xx_hal_fmac.o
                0x08003d74                HAL_FMAC_Init
 .text.HAL_GPIO_Init
                0x08003dc4      0x1d4 ./build/Debug/.obj/Drivers/STM32G4xx_HAL_Driver/Src/stm32g4xx_hal_gpio.o
                0x08003dc4                HAL_GPIO_Init
 .text.HAL_GPIO_WritePin
                0x08003f98        0xa ./build/Debug/.obj/Drivers/STM32G4xx_HAL_Driver/Src/stm32g4xx_hal_gpio.o
                0x08003f98                HAL_GPIO_WritePin
 .text.HAL_GPIO_TogglePin
                0x08003fa2       0x12 ./build/Debug/.obj/Drivers/STM32G4xx_HAL_Driver/Src/stm32g4xx_hal_gpio.o
                0x08003fa2                HAL_GPIO_TogglePin
 .text.HAL_GPIO_EXTI_Callback
                0x08003fb4        0x2 ./build/Debug/.obj/Drivers/STM32G4xx_HAL_Driver/Src/stm32g4xx_hal_gpio.o
                0x08003fb4                HAL_GPIO_EXTI_Callback
 *fill*         0x08003fb6        0x2 
 .text.HAL_GPIO_EXTI_IRQHandler
                0x08003fb8       0x1c ./build/Debug/.obj/Drivers/STM32G4xx_HAL_Driver/Src/stm32g4xx_hal_gpio.o
                0x08003fb8                HAL_GPIO_EXTI_IRQHandler
 .text.HRTIM_MasterBase_Config
                0x08003fd4       0x2a ./build/Debug/.obj/Drivers/STM32G4xx_HAL_Driver/Src/stm32g4xx_hal_hrtim.o
 .text.HRTIM_TimingUnitBase_Config
                0x08003ffe       0x40 ./build/Debug/.obj/Drivers/STM32G4xx_HAL_Driver/Src/stm32g4xx_hal_hrtim.o
 .text.HRTIM_MasterWaveform_Config
                0x0800403e       0x84 ./build/Debug/.obj/Drivers/STM32G4xx_HAL_Driver/Src/stm32g4xx_hal_hrtim.o
 .text.HRTIM_TimingUnitWaveform_Config
                0x080040c2      0x196 ./build/Debug/.obj/Drivers/STM32G4xx_HAL_Driver/Src/stm32g4xx_hal_hrtim.o
 .text.HRTIM_TimingUnitWaveform_Control
                0x08004258       0x62 ./build/Debug/.obj/Drivers/STM32G4xx_HAL_Driver/Src/stm32g4xx_hal_hrtim.o
 *fill*         0x080042ba        0x2 
 .text.HRTIM_OutputConfig
                0x080042bc       0xfc ./build/Debug/.obj/Drivers/STM32G4xx_HAL_Driver/Src/stm32g4xx_hal_hrtim.o
 .text.HRTIM_ForceRegistersUpdate
                0x080043b8       0x80 ./build/Debug/.obj/Drivers/STM32G4xx_HAL_Driver/Src/stm32g4xx_hal_hrtim.o
 .text.HAL_HRTIM_Init
                0x08004438       0xd8 ./build/Debug/.obj/Drivers/STM32G4xx_HAL_Driver/Src/stm32g4xx_hal_hrtim.o
                0x08004438                HAL_HRTIM_Init
 .text.HAL_HRTIM_DLLCalibrationStart
                0x08004510       0x72 ./build/Debug/.obj/Drivers/STM32G4xx_HAL_Driver/Src/stm32g4xx_hal_hrtim.o
                0x08004510                HAL_HRTIM_DLLCalibrationStart
 .text.HAL_HRTIM_PollForDLLCalibration
                0x08004582       0x44 ./build/Debug/.obj/Drivers/STM32G4xx_HAL_Driver/Src/stm32g4xx_hal_hrtim.o
                0x08004582                HAL_HRTIM_PollForDLLCalibration
 .text.HAL_HRTIM_TimeBaseConfig
                0x080045c6       0x32 ./build/Debug/.obj/Drivers/STM32G4xx_HAL_Driver/Src/stm32g4xx_hal_hrtim.o
                0x080045c6                HAL_HRTIM_TimeBaseConfig
 .text.HAL_HRTIM_ADCTriggerConfig
                0x080045f8      0x272 ./build/Debug/.obj/Drivers/STM32G4xx_HAL_Driver/Src/stm32g4xx_hal_hrtim.o
                0x080045f8                HAL_HRTIM_ADCTriggerConfig
 .text.HAL_HRTIM_ADCPostScalerConfig
                0x0800486a      0x18a ./build/Debug/.obj/Drivers/STM32G4xx_HAL_Driver/Src/stm32g4xx_hal_hrtim.o
                0x0800486a                HAL_HRTIM_ADCPostScalerConfig
 .text.HAL_HRTIM_WaveformTimerConfig
                0x080049f4       0x8c ./build/Debug/.obj/Drivers/STM32G4xx_HAL_Driver/Src/stm32g4xx_hal_hrtim.o
                0x080049f4                HAL_HRTIM_WaveformTimerConfig
 .text.HAL_HRTIM_WaveformTimerControl
                0x08004a80       0x42 ./build/Debug/.obj/Drivers/STM32G4xx_HAL_Driver/Src/stm32g4xx_hal_hrtim.o
                0x08004a80                HAL_HRTIM_WaveformTimerControl
 *fill*         0x08004ac2        0x2 
 .text.HAL_HRTIM_DeadTimeConfig
                0x08004ac4       0xa4 ./build/Debug/.obj/Drivers/STM32G4xx_HAL_Driver/Src/stm32g4xx_hal_hrtim.o
                0x08004ac4                HAL_HRTIM_DeadTimeConfig
 .text.HAL_HRTIM_WaveformCompareConfig
                0x08004b68      0x1c2 ./build/Debug/.obj/Drivers/STM32G4xx_HAL_Driver/Src/stm32g4xx_hal_hrtim.o
                0x08004b68                HAL_HRTIM_WaveformCompareConfig
 .text.HAL_HRTIM_WaveformOutputConfig
                0x08004d2a       0x38 ./build/Debug/.obj/Drivers/STM32G4xx_HAL_Driver/Src/stm32g4xx_hal_hrtim.o
                0x08004d2a                HAL_HRTIM_WaveformOutputConfig
 .text.HAL_HRTIM_WaveformOutputStart
                0x08004d62       0x38 ./build/Debug/.obj/Drivers/STM32G4xx_HAL_Driver/Src/stm32g4xx_hal_hrtim.o
                0x08004d62                HAL_HRTIM_WaveformOutputStart
 .text.HAL_HRTIM_WaveformCountStart
                0x08004d9a       0x34 ./build/Debug/.obj/Drivers/STM32G4xx_HAL_Driver/Src/stm32g4xx_hal_hrtim.o
                0x08004d9a                HAL_HRTIM_WaveformCountStart
 *fill*         0x08004dce        0x2 
 .text.HAL_HRTIM_WaveformCountStart_IT
                0x08004dd0       0x8c ./build/Debug/.obj/Drivers/STM32G4xx_HAL_Driver/Src/stm32g4xx_hal_hrtim.o
                0x08004dd0                HAL_HRTIM_WaveformCountStart_IT
 .text.HAL_HRTIM_Fault1Callback
                0x08004e5c        0x2 ./build/Debug/.obj/Drivers/STM32G4xx_HAL_Driver/Src/stm32g4xx_hal_hrtim.o
                0x08004e5c                HAL_HRTIM_Fault1Callback
 .text.HAL_HRTIM_Fault2Callback
                0x08004e5e        0x2 ./build/Debug/.obj/Drivers/STM32G4xx_HAL_Driver/Src/stm32g4xx_hal_hrtim.o
                0x08004e5e                HAL_HRTIM_Fault2Callback
 .text.HAL_HRTIM_Fault3Callback
                0x08004e60        0x2 ./build/Debug/.obj/Drivers/STM32G4xx_HAL_Driver/Src/stm32g4xx_hal_hrtim.o
                0x08004e60                HAL_HRTIM_Fault3Callback
 .text.HAL_HRTIM_Fault4Callback
                0x08004e62        0x2 ./build/Debug/.obj/Drivers/STM32G4xx_HAL_Driver/Src/stm32g4xx_hal_hrtim.o
                0x08004e62                HAL_HRTIM_Fault4Callback
 .text.HAL_HRTIM_Fault5Callback
                0x08004e64        0x2 ./build/Debug/.obj/Drivers/STM32G4xx_HAL_Driver/Src/stm32g4xx_hal_hrtim.o
                0x08004e64                HAL_HRTIM_Fault5Callback
 .text.HAL_HRTIM_Fault6Callback
                0x08004e66        0x2 ./build/Debug/.obj/Drivers/STM32G4xx_HAL_Driver/Src/stm32g4xx_hal_hrtim.o
                0x08004e66                HAL_HRTIM_Fault6Callback
 .text.HAL_HRTIM_SystemFaultCallback
                0x08004e68        0x2 ./build/Debug/.obj/Drivers/STM32G4xx_HAL_Driver/Src/stm32g4xx_hal_hrtim.o
                0x08004e68                HAL_HRTIM_SystemFaultCallback
 .text.HRTIM_HRTIM_ISR
                0x08004e6a       0xd0 ./build/Debug/.obj/Drivers/STM32G4xx_HAL_Driver/Src/stm32g4xx_hal_hrtim.o
 .text.HAL_HRTIM_DLLCalibrationReadyCallback
                0x08004f3a        0x2 ./build/Debug/.obj/Drivers/STM32G4xx_HAL_Driver/Src/stm32g4xx_hal_hrtim.o
                0x08004f3a                HAL_HRTIM_DLLCalibrationReadyCallback
 .text.HAL_HRTIM_BurstModePeriodCallback
                0x08004f3c        0x2 ./build/Debug/.obj/Drivers/STM32G4xx_HAL_Driver/Src/stm32g4xx_hal_hrtim.o
                0x08004f3c                HAL_HRTIM_BurstModePeriodCallback
 .text.HAL_HRTIM_SynchronizationEventCallback
                0x08004f3e        0x2 ./build/Debug/.obj/Drivers/STM32G4xx_HAL_Driver/Src/stm32g4xx_hal_hrtim.o
                0x08004f3e                HAL_HRTIM_SynchronizationEventCallback
 .text.HAL_HRTIM_RegistersUpdateCallback
                0x08004f40        0x2 ./build/Debug/.obj/Drivers/STM32G4xx_HAL_Driver/Src/stm32g4xx_hal_hrtim.o
                0x08004f40                HAL_HRTIM_RegistersUpdateCallback
 .text.HAL_HRTIM_Compare1EventCallback
                0x08004f42        0x2 ./build/Debug/.obj/Drivers/STM32G4xx_HAL_Driver/Src/stm32g4xx_hal_hrtim.o
                0x08004f42                HAL_HRTIM_Compare1EventCallback
 .text.HAL_HRTIM_Compare2EventCallback
                0x08004f44        0x2 ./build/Debug/.obj/Drivers/STM32G4xx_HAL_Driver/Src/stm32g4xx_hal_hrtim.o
                0x08004f44                HAL_HRTIM_Compare2EventCallback
 .text.HAL_HRTIM_Compare3EventCallback
                0x08004f46        0x2 ./build/Debug/.obj/Drivers/STM32G4xx_HAL_Driver/Src/stm32g4xx_hal_hrtim.o
                0x08004f46                HAL_HRTIM_Compare3EventCallback
 .text.HAL_HRTIM_Compare4EventCallback
                0x08004f48        0x2 ./build/Debug/.obj/Drivers/STM32G4xx_HAL_Driver/Src/stm32g4xx_hal_hrtim.o
                0x08004f48                HAL_HRTIM_Compare4EventCallback
 .text.HRTIM_Master_ISR
                0x08004f4a      0x11e ./build/Debug/.obj/Drivers/STM32G4xx_HAL_Driver/Src/stm32g4xx_hal_hrtim.o
 .text.HAL_HRTIM_Capture1EventCallback
                0x08005068        0x2 ./build/Debug/.obj/Drivers/STM32G4xx_HAL_Driver/Src/stm32g4xx_hal_hrtim.o
                0x08005068                HAL_HRTIM_Capture1EventCallback
 .text.HAL_HRTIM_Capture2EventCallback
                0x0800506a        0x2 ./build/Debug/.obj/Drivers/STM32G4xx_HAL_Driver/Src/stm32g4xx_hal_hrtim.o
                0x0800506a                HAL_HRTIM_Capture2EventCallback
 .text.HAL_HRTIM_DelayedProtectionCallback
                0x0800506c        0x2 ./build/Debug/.obj/Drivers/STM32G4xx_HAL_Driver/Src/stm32g4xx_hal_hrtim.o
                0x0800506c                HAL_HRTIM_DelayedProtectionCallback
 .text.HAL_HRTIM_CounterResetCallback
                0x0800506e        0x2 ./build/Debug/.obj/Drivers/STM32G4xx_HAL_Driver/Src/stm32g4xx_hal_hrtim.o
                0x0800506e                HAL_HRTIM_CounterResetCallback
 .text.HAL_HRTIM_Output1SetCallback
                0x08005070        0x2 ./build/Debug/.obj/Drivers/STM32G4xx_HAL_Driver/Src/stm32g4xx_hal_hrtim.o
                0x08005070                HAL_HRTIM_Output1SetCallback
 .text.HAL_HRTIM_Output1ResetCallback
                0x08005072        0x2 ./build/Debug/.obj/Drivers/STM32G4xx_HAL_Driver/Src/stm32g4xx_hal_hrtim.o
                0x08005072                HAL_HRTIM_Output1ResetCallback
 .text.HAL_HRTIM_Output2SetCallback
                0x08005074        0x2 ./build/Debug/.obj/Drivers/STM32G4xx_HAL_Driver/Src/stm32g4xx_hal_hrtim.o
                0x08005074                HAL_HRTIM_Output2SetCallback
 .text.HAL_HRTIM_Output2ResetCallback
                0x08005076        0x2 ./build/Debug/.obj/Drivers/STM32G4xx_HAL_Driver/Src/stm32g4xx_hal_hrtim.o
                0x08005076                HAL_HRTIM_Output2ResetCallback
 .text.HRTIM_Timer_ISR
                0x08005078      0x204 ./build/Debug/.obj/Drivers/STM32G4xx_HAL_Driver/Src/stm32g4xx_hal_hrtim.o
 .text.HAL_HRTIM_IRQHandler
                0x0800527c       0x1c ./build/Debug/.obj/Drivers/STM32G4xx_HAL_Driver/Src/stm32g4xx_hal_hrtim.o
                0x0800527c                HAL_HRTIM_IRQHandler
 .text.HAL_I2C_Init
                0x08005298       0xc8 ./build/Debug/.obj/Drivers/STM32G4xx_HAL_Driver/Src/stm32g4xx_hal_i2c.o
                0x08005298                HAL_I2C_Init
 .text.HAL_I2CEx_ConfigAnalogFilter
                0x08005360       0x5c ./build/Debug/.obj/Drivers/STM32G4xx_HAL_Driver/Src/stm32g4xx_hal_i2c_ex.o
                0x08005360                HAL_I2CEx_ConfigAnalogFilter
 .text.HAL_I2CEx_ConfigDigitalFilter
                0x080053bc       0x58 ./build/Debug/.obj/Drivers/STM32G4xx_HAL_Driver/Src/stm32g4xx_hal_i2c_ex.o
                0x080053bc                HAL_I2CEx_ConfigDigitalFilter
 .text.HAL_I2CEx_EnableFastModePlus
                0x08005414       0x2c ./build/Debug/.obj/Drivers/STM32G4xx_HAL_Driver/Src/stm32g4xx_hal_i2c_ex.o
                0x08005414                HAL_I2CEx_EnableFastModePlus
 .text.HAL_PWREx_ControlVoltageScaling
                0x08005440      0x10c ./build/Debug/.obj/Drivers/STM32G4xx_HAL_Driver/Src/stm32g4xx_hal_pwr_ex.o
                0x08005440                HAL_PWREx_ControlVoltageScaling
 .text.HAL_PWREx_DisableUCPDDeadBattery
                0x0800554c       0x10 ./build/Debug/.obj/Drivers/STM32G4xx_HAL_Driver/Src/stm32g4xx_hal_pwr_ex.o
                0x0800554c                HAL_PWREx_DisableUCPDDeadBattery
 .text.RCC_GetSysClockFreqFromPLLSource
                0x0800555c       0x58 ./build/Debug/.obj/Drivers/STM32G4xx_HAL_Driver/Src/stm32g4xx_hal_rcc.o
 .text.HAL_RCC_OscConfig
                0x080055b4      0x4e4 ./build/Debug/.obj/Drivers/STM32G4xx_HAL_Driver/Src/stm32g4xx_hal_rcc.o
                0x080055b4                HAL_RCC_OscConfig
 .text.HAL_RCC_GetSysClockFreq
                0x08005a98       0x88 ./build/Debug/.obj/Drivers/STM32G4xx_HAL_Driver/Src/stm32g4xx_hal_rcc.o
                0x08005a98                HAL_RCC_GetSysClockFreq
 .text.HAL_RCC_ClockConfig
                0x08005b20      0x1f8 ./build/Debug/.obj/Drivers/STM32G4xx_HAL_Driver/Src/stm32g4xx_hal_rcc.o
                0x08005b20                HAL_RCC_ClockConfig
 .text.HAL_RCC_GetHCLKFreq
                0x08005d18        0xc ./build/Debug/.obj/Drivers/STM32G4xx_HAL_Driver/Src/stm32g4xx_hal_rcc.o
                0x08005d18                HAL_RCC_GetHCLKFreq
 .text.HAL_RCC_GetPCLK1Freq
                0x08005d24       0x24 ./build/Debug/.obj/Drivers/STM32G4xx_HAL_Driver/Src/stm32g4xx_hal_rcc.o
                0x08005d24                HAL_RCC_GetPCLK1Freq
 .text.HAL_RCC_GetPCLK2Freq
                0x08005d48       0x24 ./build/Debug/.obj/Drivers/STM32G4xx_HAL_Driver/Src/stm32g4xx_hal_rcc.o
                0x08005d48                HAL_RCC_GetPCLK2Freq
 .text.HAL_RCCEx_PeriphCLKConfig
                0x08005d6c      0x378 ./build/Debug/.obj/Drivers/STM32G4xx_HAL_Driver/Src/stm32g4xx_hal_rcc_ex.o
                0x08005d6c                HAL_RCCEx_PeriphCLKConfig
 .text.TIM_OC1_SetConfig
                0x080060e4       0xac ./build/Debug/.obj/Drivers/STM32G4xx_HAL_Driver/Src/stm32g4xx_hal_tim.o
 .text.TIM_OC3_SetConfig
                0x08006190       0x9c ./build/Debug/.obj/Drivers/STM32G4xx_HAL_Driver/Src/stm32g4xx_hal_tim.o
 .text.TIM_OC4_SetConfig
                0x0800622c       0x9c ./build/Debug/.obj/Drivers/STM32G4xx_HAL_Driver/Src/stm32g4xx_hal_tim.o
 .text.TIM_OC5_SetConfig
                0x080062c8       0x70 ./build/Debug/.obj/Drivers/STM32G4xx_HAL_Driver/Src/stm32g4xx_hal_tim.o
 .text.TIM_OC6_SetConfig
                0x08006338       0x74 ./build/Debug/.obj/Drivers/STM32G4xx_HAL_Driver/Src/stm32g4xx_hal_tim.o
 .text.TIM_TI1_ConfigInputStage
                0x080063ac       0x26 ./build/Debug/.obj/Drivers/STM32G4xx_HAL_Driver/Src/stm32g4xx_hal_tim.o
 .text.TIM_TI2_ConfigInputStage
                0x080063d2       0x28 ./build/Debug/.obj/Drivers/STM32G4xx_HAL_Driver/Src/stm32g4xx_hal_tim.o
 .text.TIM_ITRx_SetConfig
                0x080063fa       0x14 ./build/Debug/.obj/Drivers/STM32G4xx_HAL_Driver/Src/stm32g4xx_hal_tim.o
 *fill*         0x0800640e        0x2 
 .text.HAL_TIM_Base_Start_IT
                0x08006410       0x94 ./build/Debug/.obj/Drivers/STM32G4xx_HAL_Driver/Src/stm32g4xx_hal_tim.o
                0x08006410                HAL_TIM_Base_Start_IT
 .text.HAL_TIM_PWM_MspInit
                0x080064a4        0x2 ./build/Debug/.obj/Drivers/STM32G4xx_HAL_Driver/Src/stm32g4xx_hal_tim.o
                0x080064a4                HAL_TIM_PWM_MspInit
 .text.HAL_TIM_OC_DelayElapsedCallback
                0x080064a6        0x2 ./build/Debug/.obj/Drivers/STM32G4xx_HAL_Driver/Src/stm32g4xx_hal_tim.o
                0x080064a6                HAL_TIM_OC_DelayElapsedCallback
 .text.HAL_TIM_IC_CaptureCallback
                0x080064a8        0x2 ./build/Debug/.obj/Drivers/STM32G4xx_HAL_Driver/Src/stm32g4xx_hal_tim.o
                0x080064a8                HAL_TIM_IC_CaptureCallback
 .text.HAL_TIM_PWM_PulseFinishedCallback
                0x080064aa        0x2 ./build/Debug/.obj/Drivers/STM32G4xx_HAL_Driver/Src/stm32g4xx_hal_tim.o
                0x080064aa                HAL_TIM_PWM_PulseFinishedCallback
 .text.HAL_TIM_TriggerCallback
                0x080064ac        0x2 ./build/Debug/.obj/Drivers/STM32G4xx_HAL_Driver/Src/stm32g4xx_hal_tim.o
                0x080064ac                HAL_TIM_TriggerCallback
 .text.HAL_TIM_IRQHandler
                0x080064ae      0x1ea ./build/Debug/.obj/Drivers/STM32G4xx_HAL_Driver/Src/stm32g4xx_hal_tim.o
                0x080064ae                HAL_TIM_IRQHandler
 .text.TIM_Base_SetConfig
                0x08006698       0xf0 ./build/Debug/.obj/Drivers/STM32G4xx_HAL_Driver/Src/stm32g4xx_hal_tim.o
                0x08006698                TIM_Base_SetConfig
 .text.HAL_TIM_Base_Init
                0x08006788       0x60 ./build/Debug/.obj/Drivers/STM32G4xx_HAL_Driver/Src/stm32g4xx_hal_tim.o
                0x08006788                HAL_TIM_Base_Init
 .text.HAL_TIM_PWM_Init
                0x080067e8       0x60 ./build/Debug/.obj/Drivers/STM32G4xx_HAL_Driver/Src/stm32g4xx_hal_tim.o
                0x080067e8                HAL_TIM_PWM_Init
 .text.TIM_OC2_SetConfig
                0x08006848       0x9c ./build/Debug/.obj/Drivers/STM32G4xx_HAL_Driver/Src/stm32g4xx_hal_tim.o
                0x08006848                TIM_OC2_SetConfig
 .text.HAL_TIM_PWM_ConfigChannel
                0x080068e4      0x13a ./build/Debug/.obj/Drivers/STM32G4xx_HAL_Driver/Src/stm32g4xx_hal_tim.o
                0x080068e4                HAL_TIM_PWM_ConfigChannel
 .text.TIM_ETR_SetConfig
                0x08006a1e       0x1a ./build/Debug/.obj/Drivers/STM32G4xx_HAL_Driver/Src/stm32g4xx_hal_tim.o
                0x08006a1e                TIM_ETR_SetConfig
 .text.HAL_TIM_ConfigClockSource
                0x08006a38      0x154 ./build/Debug/.obj/Drivers/STM32G4xx_HAL_Driver/Src/stm32g4xx_hal_tim.o
                0x08006a38                HAL_TIM_ConfigClockSource
 .text.TIM_CCxChannelCmd
                0x08006b8c       0x1e ./build/Debug/.obj/Drivers/STM32G4xx_HAL_Driver/Src/stm32g4xx_hal_tim.o
                0x08006b8c                TIM_CCxChannelCmd
 *fill*         0x08006baa        0x2 
 .text.HAL_TIM_PWM_Start
                0x08006bac      0x17c ./build/Debug/.obj/Drivers/STM32G4xx_HAL_Driver/Src/stm32g4xx_hal_tim.o
                0x08006bac                HAL_TIM_PWM_Start
 .text.HAL_TIM_PWM_Stop
                0x08006d28       0xc8 ./build/Debug/.obj/Drivers/STM32G4xx_HAL_Driver/Src/stm32g4xx_hal_tim.o
                0x08006d28                HAL_TIM_PWM_Stop
 .text.HAL_TIMEx_MasterConfigSynchronization
                0x08006df0       0xac ./build/Debug/.obj/Drivers/STM32G4xx_HAL_Driver/Src/stm32g4xx_hal_tim_ex.o
                0x08006df0                HAL_TIMEx_MasterConfigSynchronization
 .text.HAL_TIMEx_CommutCallback
                0x08006e9c        0x2 ./build/Debug/.obj/Drivers/STM32G4xx_HAL_Driver/Src/stm32g4xx_hal_tim_ex.o
                0x08006e9c                HAL_TIMEx_CommutCallback
 .text.HAL_TIMEx_BreakCallback
                0x08006e9e        0x2 ./build/Debug/.obj/Drivers/STM32G4xx_HAL_Driver/Src/stm32g4xx_hal_tim_ex.o
                0x08006e9e                HAL_TIMEx_BreakCallback
 .text.HAL_TIMEx_Break2Callback
                0x08006ea0        0x2 ./build/Debug/.obj/Drivers/STM32G4xx_HAL_Driver/Src/stm32g4xx_hal_tim_ex.o
                0x08006ea0                HAL_TIMEx_Break2Callback
 .text.HAL_TIMEx_EncoderIndexCallback
                0x08006ea2        0x2 ./build/Debug/.obj/Drivers/STM32G4xx_HAL_Driver/Src/stm32g4xx_hal_tim_ex.o
                0x08006ea2                HAL_TIMEx_EncoderIndexCallback
 .text.HAL_TIMEx_DirectionChangeCallback
                0x08006ea4        0x2 ./build/Debug/.obj/Drivers/STM32G4xx_HAL_Driver/Src/stm32g4xx_hal_tim_ex.o
                0x08006ea4                HAL_TIMEx_DirectionChangeCallback
 .text.HAL_TIMEx_IndexErrorCallback
                0x08006ea6        0x2 ./build/Debug/.obj/Drivers/STM32G4xx_HAL_Driver/Src/stm32g4xx_hal_tim_ex.o
                0x08006ea6                HAL_TIMEx_IndexErrorCallback
 .text.HAL_TIMEx_TransitionErrorCallback
                0x08006ea8        0x2 ./build/Debug/.obj/Drivers/STM32G4xx_HAL_Driver/Src/stm32g4xx_hal_tim_ex.o
                0x08006ea8                HAL_TIMEx_TransitionErrorCallback
 .text.UART_EndRxTransfer
                0x08006eaa       0x56 ./build/Debug/.obj/Drivers/STM32G4xx_HAL_Driver/Src/stm32g4xx_hal_uart.o
 .text.UART_SetConfig
                0x08006f00      0x388 ./build/Debug/.obj/Drivers/STM32G4xx_HAL_Driver/Src/stm32g4xx_hal_uart.o
                0x08006f00                UART_SetConfig
 .text.UART_AdvFeatureConfig
                0x08007288       0xca ./build/Debug/.obj/Drivers/STM32G4xx_HAL_Driver/Src/stm32g4xx_hal_uart.o
                0x08007288                UART_AdvFeatureConfig
 .text.UART_WaitOnFlagUntilTimeout
                0x08007352       0x9e ./build/Debug/.obj/Drivers/STM32G4xx_HAL_Driver/Src/stm32g4xx_hal_uart.o
                0x08007352                UART_WaitOnFlagUntilTimeout
 .text.UART_CheckIdleState
                0x080073f0       0xca ./build/Debug/.obj/Drivers/STM32G4xx_HAL_Driver/Src/stm32g4xx_hal_uart.o
                0x080073f0                UART_CheckIdleState
 .text.HAL_UART_Init
                0x080074ba       0x66 ./build/Debug/.obj/Drivers/STM32G4xx_HAL_Driver/Src/stm32g4xx_hal_uart.o
                0x080074ba                HAL_UART_Init
 .text.UARTEx_SetNbDataToProcess
                0x08007520       0x4c ./build/Debug/.obj/Drivers/STM32G4xx_HAL_Driver/Src/stm32g4xx_hal_uart_ex.o
 .text.HAL_RS485Ex_Init
                0x0800756c       0x82 ./build/Debug/.obj/Drivers/STM32G4xx_HAL_Driver/Src/stm32g4xx_hal_uart_ex.o
                0x0800756c                HAL_RS485Ex_Init
 .text.HAL_UARTEx_DisableFifoMode
                0x080075ee       0x3e ./build/Debug/.obj/Drivers/STM32G4xx_HAL_Driver/Src/stm32g4xx_hal_uart_ex.o
                0x080075ee                HAL_UARTEx_DisableFifoMode
 .text.HAL_UARTEx_SetTxFifoThreshold
                0x0800762c       0x4a ./build/Debug/.obj/Drivers/STM32G4xx_HAL_Driver/Src/stm32g4xx_hal_uart_ex.o
                0x0800762c                HAL_UARTEx_SetTxFifoThreshold
 .text.HAL_UARTEx_SetRxFifoThreshold
                0x08007676       0x4a ./build/Debug/.obj/Drivers/STM32G4xx_HAL_Driver/Src/stm32g4xx_hal_uart_ex.o
                0x08007676                HAL_UARTEx_SetRxFifoThreshold
 .text.get_all_analog_data
                0x080076c0       0xec ./build/Debug/.obj/USER/Src/analog_signal.o
                0x080076c0                get_all_analog_data
 .text.BSP_ADC_Convert_Start
                0x080077ac       0xa8 ./build/Debug/.obj/USER/Src/analog_signal.o
                0x080077ac                BSP_ADC_Convert_Start
 .text.HAL_ADC_ConvHalfCpltCallback
                0x08007854       0x88 ./build/Debug/.obj/USER/Src/analog_signal.o
                0x08007854                HAL_ADC_ConvHalfCpltCallback
 .text.HAL_ADC_ConvCpltCallback
                0x080078dc       0x88 ./build/Debug/.obj/USER/Src/analog_signal.o
                0x080078dc                HAL_ADC_ConvCpltCallback
 .text.HAL_FDCAN_RxFifo0Callback
                0x08007964       0x24 ./build/Debug/.obj/USER/Src/bsp_can.o
                0x08007964                HAL_FDCAN_RxFifo0Callback
 .text.HRTIM_PWM_duty_set
                0x08007988      0x180 ./build/Debug/.obj/USER/Src/bsp_hrtim.o
                0x08007988                HRTIM_PWM_duty_set
 .text.BUZZER_0N
                0x08007b08       0x44 ./build/Debug/.obj/USER/Src/buzzer.o
                0x08007b08                BUZZER_0N
 .text.BUZZER_Stop
                0x08007b4c       0x10 ./build/Debug/.obj/USER/Src/buzzer.o
                0x08007b4c                BUZZER_Stop
 .text.Buzzer_Startup_Prompting
                0x08007b5c       0x34 ./build/Debug/.obj/USER/Src/buzzer.o
                0x08007b5c                Buzzer_Startup_Prompting
 .text.incremental_pid_init
                0x08007b90       0x34 ./build/Debug/.obj/USER/Src/incremental_pid.o
                0x08007b90                incremental_pid_init
 .text.incremental_pid_compute
                0x08007bc4       0x94 ./build/Debug/.obj/USER/Src/incremental_pid.o
                0x08007bc4                incremental_pid_compute
 .text.mean_filter_init
                0x08007c58       0x28 ./build/Debug/.obj/USER/Src/mean_filter.o
                0x08007c58                mean_filter_init
 .text.mean_filter_update
                0x08007c80       0x3c ./build/Debug/.obj/USER/Src/mean_filter.o
                0x08007c80                mean_filter_update
 .text.mean_filter_calculate_average
                0x08007cbc       0x14 ./build/Debug/.obj/USER/Src/mean_filter.o
                0x08007cbc                mean_filter_calculate_average
 .text.FSBB_PID_init
                0x08007cd0       0x88 ./build/Debug/.obj/USER/Src/wlc_ctrl.o
                0x08007cd0                FSBB_PID_init
 .text.FSBB_pwm_set
                0x08007d58       0x58 ./build/Debug/.obj/USER/Src/wlc_ctrl.o
                0x08007d58                FSBB_pwm_set
 .text.FSBB_pwm_set_factor
                0x08007db0       0x72 ./build/Debug/.obj/USER/Src/wlc_ctrl.o
                0x08007db0                FSBB_pwm_set_factor
 *fill*         0x08007e22        0x2 
 .text.pwm_output_start
                0x08007e24       0x28 ./build/Debug/.obj/USER/Src/wlc_ctrl.o
                0x08007e24                pwm_output_start
 .text.FSBB_output_start
                0x08007e4c       0x28 ./build/Debug/.obj/USER/Src/wlc_ctrl.o
                0x08007e4c                FSBB_output_start
 .text.LCC_output_start
                0x08007e74       0x1e ./build/Debug/.obj/USER/Src/wlc_ctrl.o
                0x08007e74                LCC_output_start
 *fill*         0x08007e92        0x2 
 .text.WLC_CTRL_INIT
                0x08007e94       0x88 ./build/Debug/.obj/USER/Src/wlc_ctrl.o
                0x08007e94                WLC_CTRL_INIT
 .text.HAL_HRTIM_RepetitionEventCallback
                0x08007f1c        0x2 ./build/Debug/.obj/USER/Src/wlc_ctrl.o
                0x08007f1c                HAL_HRTIM_RepetitionEventCallback
 *fill*         0x08007f1e        0x2 
 .text.MainLoop_Output
                0x08007f20       0x4c ./build/Debug/.obj/USER/Src/wlc_ctrl.o
                0x08007f20                MainLoop_Output
 .text.HAL_TIM_PeriodElapsedCallback
                0x08007f6c       0x28 ./build/Debug/.obj/USER/Src/wlc_ctrl.o
                0x08007f6c                HAL_TIM_PeriodElapsedCallback
 .text.__udivmoddi4
                0x08007f94      0x2bc d:/Program Files/Compiler/arm-gnu-toolchain-13.3.rel1-mingw-w64-i686-arm-none-eabi/bin/../lib/gcc/arm-none-eabi/13.3.1/thumb/v7e-m+fp/hard\libgcc.a(_udivmoddi4.o)
                0x08007f94                __udivmoddi4
 .text.memset   0x08008250       0xa4 d:/Program Files/Compiler/arm-gnu-toolchain-13.3.rel1-mingw-w64-i686-arm-none-eabi/bin/../lib/gcc/arm-none-eabi/13.3.1/thumb/v7e-m+fp/hard\libc.a(libc_a-memset.o)
                0x08008250                memset
 .text.__libc_init_array
                0x080082f4       0x50 d:/Program Files/Compiler/arm-gnu-toolchain-13.3.rel1-mingw-w64-i686-arm-none-eabi/bin/../lib/gcc/arm-none-eabi/13.3.1/thumb/v7e-m+fp/hard\libc.a(libc_a-init.o)
                0x080082f4                __libc_init_array
 .text.__retarget_lock_acquire_recursive
                0x08008344        0x4 d:/Program Files/Compiler/arm-gnu-toolchain-13.3.rel1-mingw-w64-i686-arm-none-eabi/bin/../lib/gcc/arm-none-eabi/13.3.1/thumb/v7e-m+fp/hard\libc.a(libc_a-lock.o)
                0x08008344                __retarget_lock_acquire_recursive
 .text.__retarget_lock_release_recursive
                0x08008348        0x4 d:/Program Files/Compiler/arm-gnu-toolchain-13.3.rel1-mingw-w64-i686-arm-none-eabi/bin/../lib/gcc/arm-none-eabi/13.3.1/thumb/v7e-m+fp/hard\libc.a(libc_a-lock.o)
                0x08008348                __retarget_lock_release_recursive
 .text.startup.register_fini
                0x0800834c       0x14 d:/Program Files/Compiler/arm-gnu-toolchain-13.3.rel1-mingw-w64-i686-arm-none-eabi/bin/../lib/gcc/arm-none-eabi/13.3.1/thumb/v7e-m+fp/hard\libc.a(libc_a-__call_atexit.o)
 .text.atexit   0x08008360        0xc d:/Program Files/Compiler/arm-gnu-toolchain-13.3.rel1-mingw-w64-i686-arm-none-eabi/bin/../lib/gcc/arm-none-eabi/13.3.1/thumb/v7e-m+fp/hard\libc.a(libc_a-atexit.o)
                0x08008360                atexit
 .text.__libc_fini_array
                0x0800836c       0x28 d:/Program Files/Compiler/arm-gnu-toolchain-13.3.rel1-mingw-w64-i686-arm-none-eabi/bin/../lib/gcc/arm-none-eabi/13.3.1/thumb/v7e-m+fp/hard\libc.a(libc_a-fini.o)
                0x0800836c                __libc_fini_array
 .text.__register_exitproc
                0x08008394       0x80 d:/Program Files/Compiler/arm-gnu-toolchain-13.3.rel1-mingw-w64-i686-arm-none-eabi/bin/../lib/gcc/arm-none-eabi/13.3.1/thumb/v7e-m+fp/hard\libc.a(libc_a-__atexit.o)
                0x08008394                __register_exitproc
 *(.glue_7)
 .glue_7        0x08008414        0x0 linker stubs
 *(.glue_7t)
 .glue_7t       0x08008414        0x0 linker stubs
 *(.eh_frame)
 .eh_frame      0x08008414        0x0 d:/Program Files/Compiler/arm-gnu-toolchain-13.3.rel1-mingw-w64-i686-arm-none-eabi/bin/../lib/gcc/arm-none-eabi/13.3.1/thumb/v7e-m+fp/hard/crtbegin.o
 *(.init)
 .init          0x08008414        0x4 d:/Program Files/Compiler/arm-gnu-toolchain-13.3.rel1-mingw-w64-i686-arm-none-eabi/bin/../lib/gcc/arm-none-eabi/13.3.1/thumb/v7e-m+fp/hard/crti.o
                0x08008414                _init
 .init          0x08008418        0x8 d:/Program Files/Compiler/arm-gnu-toolchain-13.3.rel1-mingw-w64-i686-arm-none-eabi/bin/../lib/gcc/arm-none-eabi/13.3.1/thumb/v7e-m+fp/hard/crtn.o
 *(.fini)
 .fini          0x08008420        0x4 d:/Program Files/Compiler/arm-gnu-toolchain-13.3.rel1-mingw-w64-i686-arm-none-eabi/bin/../lib/gcc/arm-none-eabi/13.3.1/thumb/v7e-m+fp/hard/crti.o
                0x08008420                _fini
 .fini          0x08008424        0x8 d:/Program Files/Compiler/arm-gnu-toolchain-13.3.rel1-mingw-w64-i686-arm-none-eabi/bin/../lib/gcc/arm-none-eabi/13.3.1/thumb/v7e-m+fp/hard/crtn.o
                0x0800842c                        . = ALIGN (0x4)
                0x0800842c                        _etext = .

.vfp11_veneer   0x0800842c        0x0
 .vfp11_veneer  0x0800842c        0x0 linker stubs

.v4_bx          0x0800842c        0x0
 .v4_bx         0x0800842c        0x0 linker stubs

.iplt           0x0800842c        0x0
 .iplt          0x0800842c        0x0 d:/Program Files/Compiler/arm-gnu-toolchain-13.3.rel1-mingw-w64-i686-arm-none-eabi/bin/../lib/gcc/arm-none-eabi/13.3.1/thumb/v7e-m+fp/hard/crtbegin.o

.rodata         0x0800842c       0x6c
                0x0800842c                        . = ALIGN (0x4)
 *(.rodata)
 *(.rodata*)
 .rodata.APBPrescTable
                0x0800842c        0x8 ./build/Debug/.obj/Core/Src/system_stm32g4xx.o
                0x0800842c                APBPrescTable
 .rodata.AHBPrescTable
                0x08008434       0x10 ./build/Debug/.obj/Core/Src/system_stm32g4xx.o
                0x08008434                AHBPrescTable
 .rodata.DLCtoBytes
                0x08008444       0x10 ./build/Debug/.obj/Drivers/STM32G4xx_HAL_Driver/Src/stm32g4xx_hal_fdcan.o
 .rodata.TimerIdxToTimerId
                0x08008454       0x1c ./build/Debug/.obj/Drivers/STM32G4xx_HAL_Driver/Src/stm32g4xx_hal_hrtim.o
 .rodata.UARTPrescTable
                0x08008470       0x18 ./build/Debug/.obj/Drivers/STM32G4xx_HAL_Driver/Src/stm32g4xx_hal_uart.o
                0x08008470                UARTPrescTable
 .rodata.denominator.0
                0x08008488        0x8 ./build/Debug/.obj/Drivers/STM32G4xx_HAL_Driver/Src/stm32g4xx_hal_uart_ex.o
 .rodata.numerator.1
                0x08008490        0x8 ./build/Debug/.obj/Drivers/STM32G4xx_HAL_Driver/Src/stm32g4xx_hal_uart_ex.o
                0x08008498                        . = ALIGN (0x4)

.ARM.extab      0x08008498        0x0
                0x08008498                        . = ALIGN (0x4)
 *(.ARM.extab* .gnu.linkonce.armextab.*)
                0x08008498                        . = ALIGN (0x4)

.ARM            0x08008498        0x8
                0x08008498                        . = ALIGN (0x4)
                0x08008498                        __exidx_start = .
 *(.ARM.exidx*)
 .ARM.exidx.text.__udivmoddi4
                0x08008498        0x8 d:/Program Files/Compiler/arm-gnu-toolchain-13.3.rel1-mingw-w64-i686-arm-none-eabi/bin/../lib/gcc/arm-none-eabi/13.3.1/thumb/v7e-m+fp/hard\libgcc.a(_udivmoddi4.o)
                0x080084a0                        __exidx_end = .
                0x080084a0                        . = ALIGN (0x4)

.preinit_array  0x080084a0        0x0
                0x080084a0                        . = ALIGN (0x4)
                0x080084a0                        PROVIDE (__preinit_array_start = .)
 *(.preinit_array*)
                0x080084a0                        PROVIDE (__preinit_array_end = .)
                0x080084a0                        . = ALIGN (0x4)

.init_array     0x080084a0        0x8
                0x080084a0                        . = ALIGN (0x4)
                0x080084a0                        PROVIDE (__init_array_start = .)
 *(SORT_BY_NAME(.init_array.*))
 .init_array.00000
                0x080084a0        0x4 d:/Program Files/Compiler/arm-gnu-toolchain-13.3.rel1-mingw-w64-i686-arm-none-eabi/bin/../lib/gcc/arm-none-eabi/13.3.1/thumb/v7e-m+fp/hard\libc.a(libc_a-__call_atexit.o)
 *(.init_array*)
 .init_array    0x080084a4        0x4 d:/Program Files/Compiler/arm-gnu-toolchain-13.3.rel1-mingw-w64-i686-arm-none-eabi/bin/../lib/gcc/arm-none-eabi/13.3.1/thumb/v7e-m+fp/hard/crtbegin.o
                0x080084a8                        PROVIDE (__init_array_end = .)
                0x080084a8                        . = ALIGN (0x4)

.fini_array     0x080084a8        0x4
                0x080084a8                        . = ALIGN (0x4)
                0x080084a8                        PROVIDE (__fini_array_start = .)
 *(SORT_BY_NAME(.fini_array.*))
 *(.fini_array*)
 .fini_array    0x080084a8        0x4 d:/Program Files/Compiler/arm-gnu-toolchain-13.3.rel1-mingw-w64-i686-arm-none-eabi/bin/../lib/gcc/arm-none-eabi/13.3.1/thumb/v7e-m+fp/hard/crtbegin.o
                0x080084ac                        PROVIDE (__fini_array_end = .)
                0x080084ac                        . = ALIGN (0x4)
                0x080084ac                        _sidata = LOADADDR (.data)

.rel.dyn        0x080084ac        0x0
 .rel.iplt      0x080084ac        0x0 d:/Program Files/Compiler/arm-gnu-toolchain-13.3.rel1-mingw-w64-i686-arm-none-eabi/bin/../lib/gcc/arm-none-eabi/13.3.1/thumb/v7e-m+fp/hard/crtbegin.o

.data           0x20000000       0x1c load address 0x080084ac
                0x20000000                        . = ALIGN (0x4)
                0x20000000                        _sdata = .
 *(.data)
 *(.data*)
 .data.SystemCoreClock
                0x20000000        0x4 ./build/Debug/.obj/Core/Src/system_stm32g4xx.o
                0x20000000                SystemCoreClock
 .data.uwTickFreq
                0x20000004        0x4 ./build/Debug/.obj/Drivers/STM32G4xx_HAL_Driver/Src/stm32g4xx_hal.o
                0x20000004                uwTickFreq
 .data.uwTickPrio
                0x20000008        0x4 ./build/Debug/.obj/Drivers/STM32G4xx_HAL_Driver/Src/stm32g4xx_hal.o
                0x20000008                uwTickPrio
 .data.PWM_LCC_PERIOD_HALF
                0x2000000c        0x2 ./build/Debug/.obj/USER/Src/bsp_hrtim.o
                0x2000000c                PWM_LCC_PERIOD_HALF
 .data.PWM_LCC_PERIOD_FULL
                0x2000000e        0x2 ./build/Debug/.obj/USER/Src/bsp_hrtim.o
                0x2000000e                PWM_LCC_PERIOD_FULL
 .data.PWM_FSBB_PERIOD_HALF
                0x20000010        0x2 ./build/Debug/.obj/USER/Src/bsp_hrtim.o
                0x20000010                PWM_FSBB_PERIOD_HALF
 .data.PWM_FSBB_PERIOD_FULL
                0x20000012        0x2 ./build/Debug/.obj/USER/Src/bsp_hrtim.o
                0x20000012                PWM_FSBB_PERIOD_FULL
 .data.target_power
                0x20000014        0x4 ./build/Debug/.obj/USER/Src/wlc_ctrl.o
                0x20000014                target_power
 .data.__atexit_recursive_mutex
                0x20000018        0x4 d:/Program Files/Compiler/arm-gnu-toolchain-13.3.rel1-mingw-w64-i686-arm-none-eabi/bin/../lib/gcc/arm-none-eabi/13.3.1/thumb/v7e-m+fp/hard\libc.a(libc_a-__call_atexit.o)
                0x20000018                __atexit_recursive_mutex
 *(.RamFunc)
 *(.RamFunc*)
                0x2000001c                        . = ALIGN (0x4)
                0x2000001c                        _edata = .

.tm_clone_table
                0x2000001c        0x0 load address 0x080084c8
 .tm_clone_table
                0x2000001c        0x0 d:/Program Files/Compiler/arm-gnu-toolchain-13.3.rel1-mingw-w64-i686-arm-none-eabi/bin/../lib/gcc/arm-none-eabi/13.3.1/thumb/v7e-m+fp/hard/crtbegin.o
 .tm_clone_table
                0x2000001c        0x0 d:/Program Files/Compiler/arm-gnu-toolchain-13.3.rel1-mingw-w64-i686-arm-none-eabi/bin/../lib/gcc/arm-none-eabi/13.3.1/thumb/v7e-m+fp/hard/crtend.o

.igot.plt       0x2000001c        0x0 load address 0x080084c8
 .igot.plt      0x2000001c        0x0 d:/Program Files/Compiler/arm-gnu-toolchain-13.3.rel1-mingw-w64-i686-arm-none-eabi/bin/../lib/gcc/arm-none-eabi/13.3.1/thumb/v7e-m+fp/hard/crtbegin.o
                0x2000001c                        . = ALIGN (0x4)

.bss            0x2000001c     0x1624 load address 0x080084c8
                0x2000001c                        _sbss = .
                0x2000001c                        __bss_start__ = _sbss
 *(.bss)
 *(.bss*)
 .bss.completed.1
                0x2000001c        0x1 d:/Program Files/Compiler/arm-gnu-toolchain-13.3.rel1-mingw-w64-i686-arm-none-eabi/bin/../lib/gcc/arm-none-eabi/13.3.1/thumb/v7e-m+fp/hard/crtbegin.o
 *fill*         0x2000001d        0x3 
 .bss.object.0  0x20000020       0x18 d:/Program Files/Compiler/arm-gnu-toolchain-13.3.rel1-mingw-w64-i686-arm-none-eabi/bin/../lib/gcc/arm-none-eabi/13.3.1/thumb/v7e-m+fp/hard/crtbegin.o
 .bss.HAL_RCC_ADC12_CLK_ENABLED
                0x20000038        0x4 ./build/Debug/.obj/Core/Src/adc.o
 .bss.hdma_adc3
                0x2000003c       0x60 ./build/Debug/.obj/Core/Src/adc.o
                0x2000003c                hdma_adc3
 .bss.hdma_adc2
                0x2000009c       0x60 ./build/Debug/.obj/Core/Src/adc.o
                0x2000009c                hdma_adc2
 .bss.hdma_adc1
                0x200000fc       0x60 ./build/Debug/.obj/Core/Src/adc.o
                0x200000fc                hdma_adc1
 .bss.hadc3     0x2000015c       0x6c ./build/Debug/.obj/Core/Src/adc.o
                0x2000015c                hadc3
 .bss.hadc2     0x200001c8       0x6c ./build/Debug/.obj/Core/Src/adc.o
                0x200001c8                hadc2
 .bss.hadc1     0x20000234       0x6c ./build/Debug/.obj/Core/Src/adc.o
                0x20000234                hadc1
 .bss.HAL_RCC_FDCAN_CLK_ENABLED
                0x200002a0        0x4 ./build/Debug/.obj/Core/Src/fdcan.o
 .bss.hfdcan2   0x200002a4       0x64 ./build/Debug/.obj/Core/Src/fdcan.o
                0x200002a4                hfdcan2
 .bss.hfdcan1   0x20000308       0x64 ./build/Debug/.obj/Core/Src/fdcan.o
                0x20000308                hfdcan1
 .bss.hfmac     0x2000036c       0x38 ./build/Debug/.obj/Core/Src/fmac.o
                0x2000036c                hfmac
 .bss.hhrtim1   0x200003a4       0xfc ./build/Debug/.obj/Core/Src/hrtim.o
                0x200003a4                hhrtim1
 .bss.hi2c4     0x200004a0       0x54 ./build/Debug/.obj/Core/Src/i2c.o
                0x200004a0                hi2c4
 .bss.htim16    0x200004f4       0x4c ./build/Debug/.obj/Core/Src/tim.o
                0x200004f4                htim16
 .bss.htim7     0x20000540       0x4c ./build/Debug/.obj/Core/Src/tim.o
                0x20000540                htim7
 .bss.htim6     0x2000058c       0x4c ./build/Debug/.obj/Core/Src/tim.o
                0x2000058c                htim6
 .bss.htim5     0x200005d8       0x4c ./build/Debug/.obj/Core/Src/tim.o
                0x200005d8                htim5
 .bss.htim3     0x20000624       0x4c ./build/Debug/.obj/Core/Src/tim.o
                0x20000624                htim3
 .bss.huart1    0x20000670       0x94 ./build/Debug/.obj/Core/Src/usart.o
                0x20000670                huart1
 .bss.huart4    0x20000704       0x94 ./build/Debug/.obj/Core/Src/usart.o
                0x20000704                huart4
 .bss.uwTick    0x20000798        0x4 ./build/Debug/.obj/Drivers/STM32G4xx_HAL_Driver/Src/stm32g4xx_hal.o
                0x20000798                uwTick
 .bss.v_ntc_filter
                0x2000079c      0x208 ./build/Debug/.obj/USER/Src/analog_signal.o
 .bss.v_envelope_detector_filter
                0x200009a4      0x208 ./build/Debug/.obj/USER/Src/analog_signal.o
 .bss.i_fsbb_output_filter
                0x20000bac      0x208 ./build/Debug/.obj/USER/Src/analog_signal.o
 .bss.i_fsbb_input_filter
                0x20000db4      0x208 ./build/Debug/.obj/USER/Src/analog_signal.o
 .bss.v_fsbb_output_filter
                0x20000fbc      0x208 ./build/Debug/.obj/USER/Src/analog_signal.o
 .bss.v_fsbb_input_filter
                0x200011c4      0x208 ./build/Debug/.obj/USER/Src/analog_signal.o
 .bss.adc3_data
                0x200013cc        0x4 ./build/Debug/.obj/USER/Src/analog_signal.o
                0x200013cc                adc3_data
 .bss.adc2_data
                0x200013d0        0x4 ./build/Debug/.obj/USER/Src/analog_signal.o
                0x200013d0                adc2_data
 .bss.adc1_data
                0x200013d4       0x10 ./build/Debug/.obj/USER/Src/analog_signal.o
                0x200013d4                adc1_data
 .bss.PWM_LCC_PERIOD_ZERO
                0x200013e4        0x2 ./build/Debug/.obj/USER/Src/bsp_hrtim.o
                0x200013e4                PWM_LCC_PERIOD_ZERO
 .bss.PWM_FSBB_PERIOD_ZERO
                0x200013e6        0x2 ./build/Debug/.obj/USER/Src/bsp_hrtim.o
                0x200013e6                PWM_FSBB_PERIOD_ZERO
 .bss.analogdata
                0x200013e8       0x18 ./build/Debug/.obj/USER/Src/wlc_ctrl.o
                0x200013e8                analogdata
 .bss.pid_power
                0x20001400       0x38 ./build/Debug/.obj/USER/Src/wlc_ctrl.o
                0x20001400                pid_power
 .bss.pid_voltage
                0x20001438       0x38 ./build/Debug/.obj/USER/Src/wlc_ctrl.o
                0x20001438                pid_voltage
 .bss.pid_current
                0x20001470       0x38 ./build/Debug/.obj/USER/Src/wlc_ctrl.o
                0x20001470                pid_current
 .bss.__lock___atexit_recursive_mutex
                0x200014a8        0x1 d:/Program Files/Compiler/arm-gnu-toolchain-13.3.rel1-mingw-w64-i686-arm-none-eabi/bin/../lib/gcc/arm-none-eabi/13.3.1/thumb/v7e-m+fp/hard\libc.a(libc_a-lock.o)
                0x200014a8                __lock___atexit_recursive_mutex
 *fill*         0x200014a9        0x3 
 .bss.__atexit  0x200014ac        0x4 d:/Program Files/Compiler/arm-gnu-toolchain-13.3.rel1-mingw-w64-i686-arm-none-eabi/bin/../lib/gcc/arm-none-eabi/13.3.1/thumb/v7e-m+fp/hard\libc.a(libc_a-__call_atexit.o)
                0x200014ac                __atexit
 .bss.__atexit0
                0x200014b0      0x190 d:/Program Files/Compiler/arm-gnu-toolchain-13.3.rel1-mingw-w64-i686-arm-none-eabi/bin/../lib/gcc/arm-none-eabi/13.3.1/thumb/v7e-m+fp/hard\libc.a(libc_a-__atexit.o)
                0x200014b0                __atexit0
 *(COMMON)
                0x20001640                        . = ALIGN (0x4)
                0x20001640                        _ebss = .
                0x20001640                        __bss_end__ = _ebss

._user_heap_stack
                0x20001640     0x8000 load address 0x080084c8
                0x20001640                        . = ALIGN (0x8)
                [!provide]                        PROVIDE (end = .)
                0x20001640                        PROVIDE (_end = .)
                0x20003640                        . = (. + _Min_Heap_Size)
 *fill*         0x20001640     0x2000 
                0x20009640                        . = (. + _Min_Stack_Size)
 *fill*         0x20003640     0x6000 
                0x20009640                        . = ALIGN (0x8)

/DISCARD/
 libc.a(*)
 libm.a(*)
 libgcc.a(*)

.ARM.attributes
                0x00000000       0x30
 *(.ARM.attributes)
 .ARM.attributes
                0x00000000       0x22 d:/Program Files/Compiler/arm-gnu-toolchain-13.3.rel1-mingw-w64-i686-arm-none-eabi/bin/../lib/gcc/arm-none-eabi/13.3.1/thumb/v7e-m+fp/hard/crti.o
 .ARM.attributes
                0x00000022       0x34 d:/Program Files/Compiler/arm-gnu-toolchain-13.3.rel1-mingw-w64-i686-arm-none-eabi/bin/../lib/gcc/arm-none-eabi/13.3.1/thumb/v7e-m+fp/hard/crtbegin.o
 .ARM.attributes
                0x00000056       0x34 ./build/Debug/.obj/Core/Src/adc.o
 .ARM.attributes
                0x0000008a       0x34 ./build/Debug/.obj/Core/Src/dma.o
 .ARM.attributes
                0x000000be       0x34 ./build/Debug/.obj/Core/Src/fdcan.o
 .ARM.attributes
                0x000000f2       0x34 ./build/Debug/.obj/Core/Src/fmac.o
 .ARM.attributes
                0x00000126       0x34 ./build/Debug/.obj/Core/Src/gpio.o
 .ARM.attributes
                0x0000015a       0x34 ./build/Debug/.obj/Core/Src/hrtim.o
 .ARM.attributes
                0x0000018e       0x34 ./build/Debug/.obj/Core/Src/i2c.o
 .ARM.attributes
                0x000001c2       0x34 ./build/Debug/.obj/Core/Src/main.o
 .ARM.attributes
                0x000001f6       0x34 ./build/Debug/.obj/Core/Src/stm32g4xx_hal_msp.o
 .ARM.attributes
                0x0000022a       0x34 ./build/Debug/.obj/Core/Src/stm32g4xx_it.o
 .ARM.attributes
                0x0000025e       0x34 ./build/Debug/.obj/Core/Src/system_stm32g4xx.o
 .ARM.attributes
                0x00000292       0x34 ./build/Debug/.obj/Core/Src/tim.o
 .ARM.attributes
                0x000002c6       0x34 ./build/Debug/.obj/Core/Src/usart.o
 .ARM.attributes
                0x000002fa       0x21 ./build/Debug/.obj/Core/Startup/startup_stm32g474rbtx.o
 .ARM.attributes
                0x0000031b       0x34 ./build/Debug/.obj/Drivers/STM32G4xx_HAL_Driver/Src/stm32g4xx_hal.o
 .ARM.attributes
                0x0000034f       0x34 ./build/Debug/.obj/Drivers/STM32G4xx_HAL_Driver/Src/stm32g4xx_hal_adc.o
 .ARM.attributes
                0x00000383       0x34 ./build/Debug/.obj/Drivers/STM32G4xx_HAL_Driver/Src/stm32g4xx_hal_adc_ex.o
 .ARM.attributes
                0x000003b7       0x34 ./build/Debug/.obj/Drivers/STM32G4xx_HAL_Driver/Src/stm32g4xx_hal_cortex.o
 .ARM.attributes
                0x000003eb       0x34 ./build/Debug/.obj/Drivers/STM32G4xx_HAL_Driver/Src/stm32g4xx_hal_dma.o
 .ARM.attributes
                0x0000041f       0x34 ./build/Debug/.obj/Drivers/STM32G4xx_HAL_Driver/Src/stm32g4xx_hal_fdcan.o
 .ARM.attributes
                0x00000453       0x34 ./build/Debug/.obj/Drivers/STM32G4xx_HAL_Driver/Src/stm32g4xx_hal_fmac.o
 .ARM.attributes
                0x00000487       0x34 ./build/Debug/.obj/Drivers/STM32G4xx_HAL_Driver/Src/stm32g4xx_hal_gpio.o
 .ARM.attributes
                0x000004bb       0x34 ./build/Debug/.obj/Drivers/STM32G4xx_HAL_Driver/Src/stm32g4xx_hal_hrtim.o
 .ARM.attributes
                0x000004ef       0x34 ./build/Debug/.obj/Drivers/STM32G4xx_HAL_Driver/Src/stm32g4xx_hal_i2c.o
 .ARM.attributes
                0x00000523       0x34 ./build/Debug/.obj/Drivers/STM32G4xx_HAL_Driver/Src/stm32g4xx_hal_i2c_ex.o
 .ARM.attributes
                0x00000557       0x34 ./build/Debug/.obj/Drivers/STM32G4xx_HAL_Driver/Src/stm32g4xx_hal_pwr_ex.o
 .ARM.attributes
                0x0000058b       0x34 ./build/Debug/.obj/Drivers/STM32G4xx_HAL_Driver/Src/stm32g4xx_hal_rcc.o
 .ARM.attributes
                0x000005bf       0x34 ./build/Debug/.obj/Drivers/STM32G4xx_HAL_Driver/Src/stm32g4xx_hal_rcc_ex.o
 .ARM.attributes
                0x000005f3       0x34 ./build/Debug/.obj/Drivers/STM32G4xx_HAL_Driver/Src/stm32g4xx_hal_tim.o
 .ARM.attributes
                0x00000627       0x34 ./build/Debug/.obj/Drivers/STM32G4xx_HAL_Driver/Src/stm32g4xx_hal_tim_ex.o
 .ARM.attributes
                0x0000065b       0x34 ./build/Debug/.obj/Drivers/STM32G4xx_HAL_Driver/Src/stm32g4xx_hal_uart.o
 .ARM.attributes
                0x0000068f       0x34 ./build/Debug/.obj/Drivers/STM32G4xx_HAL_Driver/Src/stm32g4xx_hal_uart_ex.o
 .ARM.attributes
                0x000006c3       0x34 ./build/Debug/.obj/USER/Src/analog_signal.o
 .ARM.attributes
                0x000006f7       0x34 ./build/Debug/.obj/USER/Src/bsp_can.o
 .ARM.attributes
                0x0000072b       0x34 ./build/Debug/.obj/USER/Src/bsp_hrtim.o
 .ARM.attributes
                0x0000075f       0x34 ./build/Debug/.obj/USER/Src/buzzer.o
 .ARM.attributes
                0x00000793       0x34 ./build/Debug/.obj/USER/Src/incremental_pid.o
 .ARM.attributes
                0x000007c7       0x34 ./build/Debug/.obj/USER/Src/mean_filter.o
 .ARM.attributes
                0x000007fb       0x34 ./build/Debug/.obj/USER/Src/wlc_ctrl.o
 .ARM.attributes
                0x0000082f       0x22 d:/Program Files/Compiler/arm-gnu-toolchain-13.3.rel1-mingw-w64-i686-arm-none-eabi/bin/../lib/gcc/arm-none-eabi/13.3.1/thumb/v7e-m+fp/hard\libgcc.a(_arm_addsubdf3.o)
 .ARM.attributes
                0x00000851       0x22 d:/Program Files/Compiler/arm-gnu-toolchain-13.3.rel1-mingw-w64-i686-arm-none-eabi/bin/../lib/gcc/arm-none-eabi/13.3.1/thumb/v7e-m+fp/hard\libgcc.a(_arm_muldivdf3.o)
 .ARM.attributes
                0x00000873       0x22 d:/Program Files/Compiler/arm-gnu-toolchain-13.3.rel1-mingw-w64-i686-arm-none-eabi/bin/../lib/gcc/arm-none-eabi/13.3.1/thumb/v7e-m+fp/hard\libgcc.a(_arm_fixunsdfsi.o)
 .ARM.attributes
                0x00000895       0x22 d:/Program Files/Compiler/arm-gnu-toolchain-13.3.rel1-mingw-w64-i686-arm-none-eabi/bin/../lib/gcc/arm-none-eabi/13.3.1/thumb/v7e-m+fp/hard\libgcc.a(_aeabi_uldivmod.o)
 .ARM.attributes
                0x000008b7       0x34 d:/Program Files/Compiler/arm-gnu-toolchain-13.3.rel1-mingw-w64-i686-arm-none-eabi/bin/../lib/gcc/arm-none-eabi/13.3.1/thumb/v7e-m+fp/hard\libgcc.a(_udivmoddi4.o)
 .ARM.attributes
                0x000008eb       0x22 d:/Program Files/Compiler/arm-gnu-toolchain-13.3.rel1-mingw-w64-i686-arm-none-eabi/bin/../lib/gcc/arm-none-eabi/13.3.1/thumb/v7e-m+fp/hard\libgcc.a(_dvmd_tls.o)
 .ARM.attributes
                0x0000090d       0x34 d:/Program Files/Compiler/arm-gnu-toolchain-13.3.rel1-mingw-w64-i686-arm-none-eabi/bin/../lib/gcc/arm-none-eabi/13.3.1/thumb/v7e-m+fp/hard\libc.a(libc_a-memset.o)
 .ARM.attributes
                0x00000941       0x34 d:/Program Files/Compiler/arm-gnu-toolchain-13.3.rel1-mingw-w64-i686-arm-none-eabi/bin/../lib/gcc/arm-none-eabi/13.3.1/thumb/v7e-m+fp/hard\libc.a(libc_a-init.o)
 .ARM.attributes
                0x00000975       0x34 d:/Program Files/Compiler/arm-gnu-toolchain-13.3.rel1-mingw-w64-i686-arm-none-eabi/bin/../lib/gcc/arm-none-eabi/13.3.1/thumb/v7e-m+fp/hard\libc.a(libc_a-lock.o)
 .ARM.attributes
                0x000009a9       0x34 d:/Program Files/Compiler/arm-gnu-toolchain-13.3.rel1-mingw-w64-i686-arm-none-eabi/bin/../lib/gcc/arm-none-eabi/13.3.1/thumb/v7e-m+fp/hard\libc.a(libc_a-__call_atexit.o)
 .ARM.attributes
                0x000009dd       0x34 d:/Program Files/Compiler/arm-gnu-toolchain-13.3.rel1-mingw-w64-i686-arm-none-eabi/bin/../lib/gcc/arm-none-eabi/13.3.1/thumb/v7e-m+fp/hard\libc.a(libc_a-atexit.o)
 .ARM.attributes
                0x00000a11       0x34 d:/Program Files/Compiler/arm-gnu-toolchain-13.3.rel1-mingw-w64-i686-arm-none-eabi/bin/../lib/gcc/arm-none-eabi/13.3.1/thumb/v7e-m+fp/hard\libc.a(libc_a-fini.o)
 .ARM.attributes
                0x00000a45       0x34 d:/Program Files/Compiler/arm-gnu-toolchain-13.3.rel1-mingw-w64-i686-arm-none-eabi/bin/../lib/gcc/arm-none-eabi/13.3.1/thumb/v7e-m+fp/hard\libc.a(libc_a-__atexit.o)
 .ARM.attributes
                0x00000a79       0x34 d:/Program Files/Compiler/arm-gnu-toolchain-13.3.rel1-mingw-w64-i686-arm-none-eabi/bin/../lib/gcc/arm-none-eabi/13.3.1/thumb/v7e-m+fp/hard/crtend.o
 .ARM.attributes
                0x00000aad       0x22 d:/Program Files/Compiler/arm-gnu-toolchain-13.3.rel1-mingw-w64-i686-arm-none-eabi/bin/../lib/gcc/arm-none-eabi/13.3.1/thumb/v7e-m+fp/hard/crtn.o
OUTPUT(./build/Debug/WLC_v1.0.elf elf32-littlearm)
LOAD linker stubs
LOAD d:/Program Files/Compiler/arm-gnu-toolchain-13.3.rel1-mingw-w64-i686-arm-none-eabi/bin/../lib/gcc/arm-none-eabi/13.3.1/thumb/v7e-m+fp/hard\libc.a
LOAD d:/Program Files/Compiler/arm-gnu-toolchain-13.3.rel1-mingw-w64-i686-arm-none-eabi/bin/../lib/gcc/arm-none-eabi/13.3.1/thumb/v7e-m+fp/hard\libm.a
LOAD d:/Program Files/Compiler/arm-gnu-toolchain-13.3.rel1-mingw-w64-i686-arm-none-eabi/bin/../lib/gcc/arm-none-eabi/13.3.1/thumb/v7e-m+fp/hard\libgcc.a

.debug_info     0x00000000    0x376a4
 .debug_info    0x00000000     0x192f ./build/Debug/.obj/Core/Src/adc.o
 .debug_info    0x0000192f      0x638 ./build/Debug/.obj/Core/Src/dma.o
 .debug_info    0x00001f67     0x107e ./build/Debug/.obj/Core/Src/fdcan.o
 .debug_info    0x00002fe5      0x8f1 ./build/Debug/.obj/Core/Src/fmac.o
 .debug_info    0x000038d6      0x88e ./build/Debug/.obj/Core/Src/gpio.o
 .debug_info    0x00004164     0x2132 ./build/Debug/.obj/Core/Src/hrtim.o
 .debug_info    0x00006296      0xdd6 ./build/Debug/.obj/Core/Src/i2c.o
 .debug_info    0x0000706c      0x649 ./build/Debug/.obj/Core/Src/main.o
 .debug_info    0x000076b5      0x2e3 ./build/Debug/.obj/Core/Src/stm32g4xx_hal_msp.o
 .debug_info    0x00007998     0x1a41 ./build/Debug/.obj/Core/Src/stm32g4xx_it.o
 .debug_info    0x000093d9      0x5a3 ./build/Debug/.obj/Core/Src/system_stm32g4xx.o
 .debug_info    0x0000997c     0x15ab ./build/Debug/.obj/Core/Src/tim.o
 .debug_info    0x0000af27     0x1082 ./build/Debug/.obj/Core/Src/usart.o
 .debug_info    0x0000bfa9       0x30 ./build/Debug/.obj/Core/Startup/startup_stm32g474rbtx.o
 .debug_info    0x0000bfd9      0xc4e ./build/Debug/.obj/Drivers/STM32G4xx_HAL_Driver/Src/stm32g4xx_hal.o
 .debug_info    0x0000cc27     0x3640 ./build/Debug/.obj/Drivers/STM32G4xx_HAL_Driver/Src/stm32g4xx_hal_adc.o
 .debug_info    0x00010267     0x2f4e ./build/Debug/.obj/Drivers/STM32G4xx_HAL_Driver/Src/stm32g4xx_hal_adc_ex.o
 .debug_info    0x000131b5     0x1062 ./build/Debug/.obj/Drivers/STM32G4xx_HAL_Driver/Src/stm32g4xx_hal_cortex.o
 .debug_info    0x00014217      0x9e0 ./build/Debug/.obj/Drivers/STM32G4xx_HAL_Driver/Src/stm32g4xx_hal_dma.o
 .debug_info    0x00014bf7     0x1c3b ./build/Debug/.obj/Drivers/STM32G4xx_HAL_Driver/Src/stm32g4xx_hal_fdcan.o
 .debug_info    0x00016832     0x1859 ./build/Debug/.obj/Drivers/STM32G4xx_HAL_Driver/Src/stm32g4xx_hal_fmac.o
 .debug_info    0x0001808b      0x795 ./build/Debug/.obj/Drivers/STM32G4xx_HAL_Driver/Src/stm32g4xx_hal_gpio.o
 .debug_info    0x00018820     0x4f43 ./build/Debug/.obj/Drivers/STM32G4xx_HAL_Driver/Src/stm32g4xx_hal_hrtim.o
 .debug_info    0x0001d763     0x4409 ./build/Debug/.obj/Drivers/STM32G4xx_HAL_Driver/Src/stm32g4xx_hal_i2c.o
 .debug_info    0x00021b6c      0xaf3 ./build/Debug/.obj/Drivers/STM32G4xx_HAL_Driver/Src/stm32g4xx_hal_i2c_ex.o
 .debug_info    0x0002265f      0x9bd ./build/Debug/.obj/Drivers/STM32G4xx_HAL_Driver/Src/stm32g4xx_hal_pwr_ex.o
 .debug_info    0x0002301c      0xe3f ./build/Debug/.obj/Drivers/STM32G4xx_HAL_Driver/Src/stm32g4xx_hal_rcc.o
 .debug_info    0x00023e5b      0xe5a ./build/Debug/.obj/Drivers/STM32G4xx_HAL_Driver/Src/stm32g4xx_hal_rcc_ex.o
 .debug_info    0x00024cb5     0x3f0c ./build/Debug/.obj/Drivers/STM32G4xx_HAL_Driver/Src/stm32g4xx_hal_tim.o
 .debug_info    0x00028bc1     0x24e9 ./build/Debug/.obj/Drivers/STM32G4xx_HAL_Driver/Src/stm32g4xx_hal_tim_ex.o
 .debug_info    0x0002b0aa     0x620a ./build/Debug/.obj/Drivers/STM32G4xx_HAL_Driver/Src/stm32g4xx_hal_uart.o
 .debug_info    0x000312b4     0x1249 ./build/Debug/.obj/Drivers/STM32G4xx_HAL_Driver/Src/stm32g4xx_hal_uart_ex.o
 .debug_info    0x000324fd     0x1011 ./build/Debug/.obj/USER/Src/analog_signal.o
 .debug_info    0x0003350e      0xb99 ./build/Debug/.obj/USER/Src/bsp_can.o
 .debug_info    0x000340a7      0xdd8 ./build/Debug/.obj/USER/Src/bsp_hrtim.o
 .debug_info    0x00034e7f      0xa32 ./build/Debug/.obj/USER/Src/buzzer.o
 .debug_info    0x000358b1      0x31e ./build/Debug/.obj/USER/Src/incremental_pid.o
 .debug_info    0x00035bcf      0x1b4 ./build/Debug/.obj/USER/Src/mean_filter.o
 .debug_info    0x00035d83     0x1921 ./build/Debug/.obj/USER/Src/wlc_ctrl.o

.debug_abbrev   0x00000000     0x559b
 .debug_abbrev  0x00000000      0x255 ./build/Debug/.obj/Core/Src/adc.o
 .debug_abbrev  0x00000255      0x11b ./build/Debug/.obj/Core/Src/dma.o
 .debug_abbrev  0x00000370      0x1ec ./build/Debug/.obj/Core/Src/fdcan.o
 .debug_abbrev  0x0000055c      0x1c2 ./build/Debug/.obj/Core/Src/fmac.o
 .debug_abbrev  0x0000071e      0x16d ./build/Debug/.obj/Core/Src/gpio.o
 .debug_abbrev  0x0000088b      0x25c ./build/Debug/.obj/Core/Src/hrtim.o
 .debug_abbrev  0x00000ae7      0x23e ./build/Debug/.obj/Core/Src/i2c.o
 .debug_abbrev  0x00000d25      0x1fb ./build/Debug/.obj/Core/Src/main.o
 .debug_abbrev  0x00000f20       0xd7 ./build/Debug/.obj/Core/Src/stm32g4xx_hal_msp.o
 .debug_abbrev  0x00000ff7      0x210 ./build/Debug/.obj/Core/Src/stm32g4xx_it.o
 .debug_abbrev  0x00001207      0x11e ./build/Debug/.obj/Core/Src/system_stm32g4xx.o
 .debug_abbrev  0x00001325      0x2a5 ./build/Debug/.obj/Core/Src/tim.o
 .debug_abbrev  0x000015ca      0x227 ./build/Debug/.obj/Core/Src/usart.o
 .debug_abbrev  0x000017f1       0x24 ./build/Debug/.obj/Core/Startup/startup_stm32g474rbtx.o
 .debug_abbrev  0x00001815      0x27d ./build/Debug/.obj/Drivers/STM32G4xx_HAL_Driver/Src/stm32g4xx_hal.o
 .debug_abbrev  0x00001a92      0x314 ./build/Debug/.obj/Drivers/STM32G4xx_HAL_Driver/Src/stm32g4xx_hal_adc.o
 .debug_abbrev  0x00001da6      0x382 ./build/Debug/.obj/Drivers/STM32G4xx_HAL_Driver/Src/stm32g4xx_hal_adc_ex.o
 .debug_abbrev  0x00002128      0x390 ./build/Debug/.obj/Drivers/STM32G4xx_HAL_Driver/Src/stm32g4xx_hal_cortex.o
 .debug_abbrev  0x000024b8      0x215 ./build/Debug/.obj/Drivers/STM32G4xx_HAL_Driver/Src/stm32g4xx_hal_dma.o
 .debug_abbrev  0x000026cd      0x1e8 ./build/Debug/.obj/Drivers/STM32G4xx_HAL_Driver/Src/stm32g4xx_hal_fdcan.o
 .debug_abbrev  0x000028b5      0x23d ./build/Debug/.obj/Drivers/STM32G4xx_HAL_Driver/Src/stm32g4xx_hal_fmac.o
 .debug_abbrev  0x00002af2      0x1f9 ./build/Debug/.obj/Drivers/STM32G4xx_HAL_Driver/Src/stm32g4xx_hal_gpio.o
 .debug_abbrev  0x00002ceb      0x297 ./build/Debug/.obj/Drivers/STM32G4xx_HAL_Driver/Src/stm32g4xx_hal_hrtim.o
 .debug_abbrev  0x00002f82      0x297 ./build/Debug/.obj/Drivers/STM32G4xx_HAL_Driver/Src/stm32g4xx_hal_i2c.o
 .debug_abbrev  0x00003219      0x1c4 ./build/Debug/.obj/Drivers/STM32G4xx_HAL_Driver/Src/stm32g4xx_hal_i2c_ex.o
 .debug_abbrev  0x000033dd      0x249 ./build/Debug/.obj/Drivers/STM32G4xx_HAL_Driver/Src/stm32g4xx_hal_pwr_ex.o
 .debug_abbrev  0x00003626      0x2ab ./build/Debug/.obj/Drivers/STM32G4xx_HAL_Driver/Src/stm32g4xx_hal_rcc.o
 .debug_abbrev  0x000038d1      0x27f ./build/Debug/.obj/Drivers/STM32G4xx_HAL_Driver/Src/stm32g4xx_hal_rcc_ex.o
 .debug_abbrev  0x00003b50      0x2a0 ./build/Debug/.obj/Drivers/STM32G4xx_HAL_Driver/Src/stm32g4xx_hal_tim.o
 .debug_abbrev  0x00003df0      0x2b1 ./build/Debug/.obj/Drivers/STM32G4xx_HAL_Driver/Src/stm32g4xx_hal_tim_ex.o
 .debug_abbrev  0x000040a1      0x32e ./build/Debug/.obj/Drivers/STM32G4xx_HAL_Driver/Src/stm32g4xx_hal_uart.o
 .debug_abbrev  0x000043cf      0x343 ./build/Debug/.obj/Drivers/STM32G4xx_HAL_Driver/Src/stm32g4xx_hal_uart_ex.o
 .debug_abbrev  0x00004712      0x2ae ./build/Debug/.obj/USER/Src/analog_signal.o
 .debug_abbrev  0x000049c0      0x223 ./build/Debug/.obj/USER/Src/bsp_can.o
 .debug_abbrev  0x00004be3      0x23b ./build/Debug/.obj/USER/Src/bsp_hrtim.o
 .debug_abbrev  0x00004e1e      0x20b ./build/Debug/.obj/USER/Src/buzzer.o
 .debug_abbrev  0x00005029      0x161 ./build/Debug/.obj/USER/Src/incremental_pid.o
 .debug_abbrev  0x0000518a      0x135 ./build/Debug/.obj/USER/Src/mean_filter.o
 .debug_abbrev  0x000052bf      0x2dc ./build/Debug/.obj/USER/Src/wlc_ctrl.o

.debug_loclists
                0x00000000    0x1b163
 .debug_loclists
                0x00000000       0x62 ./build/Debug/.obj/Core/Src/adc.o
 .debug_loclists
                0x00000062       0x9e ./build/Debug/.obj/Core/Src/fdcan.o
 .debug_loclists
                0x00000100       0x92 ./build/Debug/.obj/Core/Src/hrtim.o
 .debug_loclists
                0x00000192       0x6c ./build/Debug/.obj/Core/Src/i2c.o
 .debug_loclists
                0x000001fe       0x65 ./build/Debug/.obj/Core/Src/system_stm32g4xx.o
 .debug_loclists
                0x00000263       0xf6 ./build/Debug/.obj/Core/Src/tim.o
 .debug_loclists
                0x00000359       0x9c ./build/Debug/.obj/Core/Src/usart.o
 .debug_loclists
                0x000003f5      0x14d ./build/Debug/.obj/Drivers/STM32G4xx_HAL_Driver/Src/stm32g4xx_hal.o
 .debug_loclists